Component: ARM Compiler 5.06 update 7 (build 960) Tool: armlink [4d3601]

==============================================================================

Section Cross References

    startup_stm32f103xb.o(RESET) refers to startup_stm32f103xb.o(STACK) for __initial_sp
    startup_stm32f103xb.o(RESET) refers to startup_stm32f103xb.o(.text) for Reset_Handler
    startup_stm32f103xb.o(RESET) refers to stm32f1xx_it.o(i.NMI_Handler) for NMI_Handler
    startup_stm32f103xb.o(RESET) refers to stm32f1xx_it.o(i.HardFault_Handler) for HardFault_Handler
    startup_stm32f103xb.o(RESET) refers to stm32f1xx_it.o(i.MemManage_Handler) for MemManage_Handler
    startup_stm32f103xb.o(RESET) refers to stm32f1xx_it.o(i.BusFault_Handler) for BusFault_Handler
    startup_stm32f103xb.o(RESET) refers to stm32f1xx_it.o(i.UsageFault_Handler) for UsageFault_Handler
    startup_stm32f103xb.o(RESET) refers to stm32f1xx_it.o(i.SVC_Handler) for SVC_Handler
    startup_stm32f103xb.o(RESET) refers to stm32f1xx_it.o(i.DebugMon_Handler) for DebugMon_Handler
    startup_stm32f103xb.o(RESET) refers to stm32f1xx_it.o(i.PendSV_Handler) for PendSV_Handler
    startup_stm32f103xb.o(RESET) refers to stm32f1xx_it.o(i.SysTick_Handler) for SysTick_Handler
    startup_stm32f103xb.o(RESET) refers to stm32f1xx_it.o(i.EXTI9_5_IRQHandler) for EXTI9_5_IRQHandler
    startup_stm32f103xb.o(RESET) refers to stm32f1xx_it.o(i.TIM1_UP_IRQHandler) for TIM1_UP_IRQHandler
    startup_stm32f103xb.o(RESET) refers to stm32f1xx_it.o(i.USART1_IRQHandler) for USART1_IRQHandler
    startup_stm32f103xb.o(.text) refers to system_stm32f1xx.o(i.SystemInit) for SystemInit
    startup_stm32f103xb.o(.text) refers to entry.o(.ARM.Collect$$$$00000000) for __main
    key.o(i.Key_Scan) refers to stm32f1xx_hal_gpio.o(i.HAL_GPIO_ReadPin) for HAL_GPIO_ReadPin
    key.o(i.Key_Scan) refers to stm32f1xx_hal.o(i.HAL_Delay) for HAL_Delay
    motor.o(i.Drive_Motor) refers to f2d.o(.text) for __aeabi_f2d
    motor.o(i.Drive_Motor) refers to tan.o(i.tan) for tan
    motor.o(i.Drive_Motor) refers to ddiv.o(.text) for __aeabi_ddiv
    motor.o(i.Drive_Motor) refers to dadd.o(.text) for __aeabi_dsub
    motor.o(i.Drive_Motor) refers to d2f.o(.text) for __aeabi_d2f
    motor.o(i.Drive_Motor) refers to motor.o(i.target_limit_float) for target_limit_float
    motor.o(i.Drive_Motor) refers to cfcmple.o(.text) for __aeabi_cfcmpeq
    motor.o(i.Drive_Motor) refers to dmul.o(.text) for __aeabi_dmul
    motor.o(i.Drive_Motor) refers to dfixi.o(.text) for __aeabi_d2iz
    motor.o(i.Drive_Motor) refers to motor.o(i.target_limit_int) for target_limit_int
    motor.o(i.Drive_Motor) refers to motor.o(.data) for leftSpeedSet
    motor.o(i.Drive_Motor) refers to main.o(.data) for anglepwm
    motor.o(i.Set_Pwm) refers to motor.o(i.myabs) for myabs
    motor.o(i.Steer_Ctrl) refers to motor.o(i.myabs) for myabs
    motor.o(i.Steer_Ctrl) refers to dflti.o(.text) for __aeabi_i2d
    motor.o(i.Steer_Ctrl) refers to dmul.o(.text) for __aeabi_dmul
    motor.o(i.Steer_Ctrl) refers to dadd.o(.text) for __aeabi_dadd
    motor.o(i.Steer_Ctrl) refers to dfixi.o(.text) for __aeabi_d2iz
    motor.o(i.Turn_Off) refers to f2d.o(.text) for __aeabi_f2d
    motor.o(i.Turn_Off) refers to cdcmple.o(.text) for __aeabi_cdcmple
    motor.o(i.Turn_Off) refers to motor.o(i.Steer_Ctrl) for Steer_Ctrl
    motor.o(i.Turn_Off) refers to motor.o(i.Set_Pwm) for Set_Pwm
    motor.o(i.Turn_Off) refers to main.o(.data) for Flag_Stop
    motor.o(i.Turn_Off) refers to motor.o(.data) for motorLeft
    motor.o(i.target_limit_float) refers to cfcmple.o(.text) for __aeabi_cfcmple
    motor.o(i.target_limit_float) refers to cfrcmple.o(.text) for __aeabi_cfrcmple
    mpu9250.o(i.MPU9250_Init) refers to iic.o(i.IIC_GPIO_Init) for IIC_GPIO_Init
    mpu9250.o(i.MPU9250_Init) refers to mpu9250.o(i.MPU_Write_Byte) for MPU_Write_Byte
    mpu9250.o(i.MPU9250_Init) refers to stm32f1xx_hal.o(i.HAL_Delay) for HAL_Delay
    mpu9250.o(i.MPU9250_Init) refers to mpu9250.o(i.MPU_Set_Gyro_Fsr) for MPU_Set_Gyro_Fsr
    mpu9250.o(i.MPU9250_Init) refers to mpu9250.o(i.MPU_Set_Accel_Fsr) for MPU_Set_Accel_Fsr
    mpu9250.o(i.MPU9250_Init) refers to mpu9250.o(i.MPU_Set_Rate) for MPU_Set_Rate
    mpu9250.o(i.MPU9250_Init) refers to mpu9250.o(i.MPU_Read_Byte) for MPU_Read_Byte
    mpu9250.o(i.MPU9250_task) refers to mpu9250.o(i.MPU_Get_Accelerometer) for MPU_Get_Accelerometer
    mpu9250.o(i.MPU9250_task) refers to mpu9250.o(i.MPU_Get_Gyroscope) for MPU_Get_Gyroscope
    mpu9250.o(i.MPU9250_task) refers to mpu9250.o(i.MPU_Get_Magnetometer) for MPU_Get_Magnetometer
    mpu9250.o(i.MPU9250_task) refers to mpu9250.o(.data) for Deviation_Count
    mpu9250.o(i.MPU_Get_Accelerometer) refers to mpu9250.o(i.MPU_Read_Len) for MPU_Read_Len
    mpu9250.o(i.MPU_Get_Gyroscope) refers to mpu9250.o(i.MPU_Read_Len) for MPU_Read_Len
    mpu9250.o(i.MPU_Get_Gyroscope) refers to mpu9250.o(.data) for Deviation_Count
    mpu9250.o(i.MPU_Get_Gyroscope) refers to main.o(.data) for Flag_Stop
[...]
    ..\\Core\\Src\\pid.c                     0x00000000   Number         0  pid.o ABSOLUTE
    cdcmple.s                                0x00000000   Number         0  cdcmple.o ABSOLUTE
    cdrcmple.s                               0x00000000   Number         0  cdrcmple.o ABSOLUTE
    cfcmple.s                                0x00000000   Number         0  cfcmple.o ABSOLUTE
    cfrcmple.s                               0x00000000   Number         0  cfrcmple.o ABSOLUTE
    dc.s                                     0x00000000   Number         0  dc.o ABSOLUTE
    handlers.s                               0x00000000   Number         0  handlers.o ABSOLUTE
    init.s                                   0x00000000   Number         0  init.o ABSOLUTE
    startup_stm32f103xb.s                    0x00000000   Number         0  startup_stm32f103xb.o ABSOLUTE
    RESET                                    0x08000000   Section      236  startup_stm32f103xb.o(RESET)
    .ARM.Collect$$$$00000000                 0x080000ec   Section        0  entry.o(.ARM.Collect$$$$00000000)
    .ARM.Collect$$$$00000001                 0x080000ec   Section        4  entry2.o(.ARM.Collect$$$$00000001)
    .ARM.Collect$$$$00000004                 0x080000f0   Section        4  entry5.o(.ARM.Collect$$$$00000004)
    .ARM.Collect$$$$00000008                 0x080000f4   Section        0  entry7b.o(.ARM.Collect$$$$00000008)
    .ARM.Collect$$$$0000000A                 0x080000f4   Section        0  entry8b.o(.ARM.Collect$$$$0000000A)
    .ARM.Collect$$$$0000000B                 0x080000f4   Section        8  entry9a.o(.ARM.Collect$$$$0000000B)
    .ARM.Collect$$$$0000000E                 0x080000fc   Section        4  entry12b.o(.ARM.Collect$$$$0000000E)
    .ARM.Collect$$$$0000000F                 0x08000100   Section        0  entry10a.o(.ARM.Collect$$$$0000000F)
    .ARM.Collect$$$$00000011                 0x08000100   Section        0  entry11a.o(.ARM.Collect$$$$00000011)
    .ARM.Collect$$$$00002712                 0x08000100   Section        4  entry2.o(.ARM.Collect$$$$00002712)
    __lit__00000000                          0x08000100   Data           4  entry2.o(.ARM.Collect$$$$00002712)
    .text                                    0x08000104   Section       36  startup_stm32f103xb.o(.text)
    .text                                    0x08000128   Section        0  llushr.o(.text)
    .text                                    0x08000148   Section        0  memseta.o(.text)
    .text                                    0x0800016c   Section        0  fadd.o(.text)
    .text                                    0x0800021c   Section        0  fmul.o(.text)
    .text                                    0x08000280   Section        0  fdiv.o(.text)
    .text                                    0x080002fc   Section        0  dadd.o(.text)
    .text                                    0x0800044a   Section        0  dmul.o(.text)
    .text                                    0x0800052e   Section        0  ddiv.o(.text)
    .text                                    0x0800060c   Section        0  fflti.o(.text)
    .text                                    0x0800061e   Section        0  dflti.o(.text)
    .text                                    0x08000640   Section        0  dfltui.o(.text)
    .text                                    0x0800065a   Section        0  ffixi.o(.text)
    .text                                    0x0800068c   Section        0  dfixi.o(.text)
    .text                                    0x080006ca   Section        0  f2d.o(.text)
    .text                                    0x080006f0   Section       48  cdcmple.o(.text)
    .text                                    0x08000720   Section       48  cdrcmple.o(.text)
    .text                                    0x08000750   Section        0  d2f.o(.text)
    .text                                    0x08000788   Section       20  cfcmple.o(.text)
    .text                                    0x0800079c   Section       20  cfrcmple.o(.text)
    .text                                    0x080007b0   Section        0  llshl.o(.text)
    .text                                    0x080007ce   Section        0  llsshr.o(.text)
    .text                                    0x080007f2   Section        0  iusefp.o(.text)
    .text                                    0x080007f2   Section        0  fepilogue.o(.text)
    .text                                    0x08000860   Section        0  depilogue.o(.text)
    .text                                    0x0800091a   Section        0  dscalb.o(.text)
    .text                                    0x08000948   Section       36  init.o(.text)
    i.ADC_ConversionStop_Disable             0x0800096c   Section        0  stm32f1xx_hal_adc.o(i.ADC_ConversionStop_Disable)
    i.ADC_Enable                             0x080009c8   Section        0  stm32f1xx_hal_adc.o(i.ADC_Enable)
    i.BusFault_Handler                       0x08000a58   Section        0  stm32f1xx_it.o(i.BusFault_Handler)
    i.Check_Sum                              0x08000a5c   Section        0  usartx.o(i.Check_Sum)
    i.DebugMon_Handler                       0x08000a98   Section        0  stm32f1xx_it.o(i.DebugMon_Handler)
    i.Drive_Motor                            0x08000a9c   Section        0  motor.o(i.Drive_Motor)
    i.EXTI9_5_IRQHandler                     0x08000c70   Section        0  stm32f1xx_it.o(i.EXTI9_5_IRQHandler)
    i.Error_Handler                          0x08000c7c   Section        0  main.o(i.Error_Handler)
    i.Get_Adc                                0x08000c84   Section        0  adc.o(i.Get_Adc)
    i.Get_Motor_Speed                        0x08000cb4   Section        0  encoder.o(i.Get_Motor_Speed)
    i.Get_battery_volt                       0x08000d34   Section        0  adc.o(i.Get_battery_volt)
    i.Get_battery_volt_average               0x08000d94   Section        0  adc.o(i.Get_battery_volt_average)
    i.HAL_ADCEx_Calibration_Start            0x08000e00   Section        0  stm32f1xx_hal_adc_ex.o(i.HAL_ADCEx_Calibration_Start)
    i.HAL_ADC_ConfigChannel                  0x08000f1c   Section        0  stm32f1xx_hal_adc.o(i.HAL_ADC_ConfigChannel)
    i.HAL_ADC_GetState                       0x0800107c   Section        0  stm32f1xx_hal_adc.o(i.HAL_ADC_GetState)
    i.HAL_ADC_GetValue                       0x08001082   Section        0  stm32f1xx_hal_adc.o(i.HAL_ADC_GetValue)
    i.HAL_ADC_Init                           0x0800108c   Section        0  stm32f1xx_hal_adc.o(i.HAL_ADC_Init)
    i.HAL_ADC_MspInit                        0x080011d0   Section        0  adc.o(i.HAL_ADC_MspInit)
    i.HAL_ADC_PollForConversion              0x08001240   Section        0  stm32f1xx_hal_adc.o(i.HAL_ADC_PollForConversion)
    i.HAL_ADC_Start                          0x080013c0   Section        0  stm32f1xx_hal_adc.o(i.HAL_ADC_Start)
    i.HAL_DMA_Abort                          0x080014f0   Section        0  stm32f1xx_hal_dma.o(i.HAL_DMA_Abort)
    i.HAL_DMA_Abort_IT                       0x08001548   Section        0  stm32f1xx_hal_dma.o(i.HAL_DMA_Abort_IT)
    i.HAL_Delay                              0x080015f8   Section        0  stm32f1xx_hal.o(i.HAL_Delay)
    i.HAL_GPIO_EXTI_Callback                 0x08001620   Section        0  stm32f1xx_it.o(i.HAL_GPIO_EXTI_Callback)
    i.HAL_GPIO_EXTI_IRQHandler               0x08001728   Section        0  stm32f1xx_hal_gpio.o(i.HAL_GPIO_EXTI_IRQHandler)
    i.HAL_GPIO_Init                          0x08001744   Section        0  stm32f1xx_hal_gpio.o(i.HAL_GPIO_Init)
    i.HAL_GPIO_ReadPin                       0x08001a64   Section        0  stm32f1xx_hal_gpio.o(i.HAL_GPIO_ReadPin)
    i.HAL_GPIO_TogglePin                     0x08001a74   Section        0  stm32f1xx_hal_gpio.o(i.HAL_GPIO_TogglePin)
    i.HAL_GPIO_WritePin                      0x08001a88   Section        0  stm32f1xx_hal_gpio.o(i.HAL_GPIO_WritePin)
    i.HAL_GetTick                            0x08001a94   Section        0  stm32f1xx_hal.o(i.HAL_GetTick)
    i.HAL_IncTick                            0x08001aa0   Section        0  stm32f1xx_hal.o(i.HAL_IncTick)
    i.HAL_Init                               0x08001ab8   Section        0  stm32f1xx_hal.o(i.HAL_Init)
    i.HAL_InitTick                           0x08001ae0   Section        0  stm32f1xx_hal.o(i.HAL_InitTick)
    i.HAL_MspInit                            0x08001b2c   Section        0  stm32f1xx_hal_msp.o(i.HAL_MspInit)
    i.HAL_NVIC_EnableIRQ                     0x08001b88   Section        0  stm32f1xx_hal_cortex.o(i.HAL_NVIC_EnableIRQ)
    i.HAL_NVIC_SetPriority                   0x08001ba8   Section        0  stm32f1xx_hal_cortex.o(i.HAL_NVIC_SetPriority)
    i.HAL_NVIC_SetPriorityGrouping           0x08001c24   Section        0  stm32f1xx_hal_cortex.o(i.HAL_NVIC_SetPriorityGrouping)
    i.HAL_RCCEx_GetPeriphCLKFreq             0x08001c4c   Section        0  stm32f1xx_hal_rcc_ex.o(i.HAL_RCCEx_GetPeriphCLKFreq)
    i.HAL_RCCEx_PeriphCLKConfig              0x08001d48   Section        0  stm32f1xx_hal_rcc_ex.o(i.HAL_RCCEx_PeriphCLKConfig)
    i.HAL_RCC_ClockConfig                    0x08001e78   Section        0  stm32f1xx_hal_rcc.o(i.HAL_RCC_ClockConfig)
    i.HAL_RCC_GetHCLKFreq                    0x08002004   Section        0  stm32f1xx_hal_rcc.o(i.HAL_RCC_GetHCLKFreq)
    i.HAL_RCC_GetPCLK1Freq                   0x08002010   Section        0  stm32f1xx_hal_rcc.o(i.HAL_RCC_GetPCLK1Freq)
    i.HAL_RCC_GetPCLK2Freq                   0x08002030   Section        0  stm32f1xx_hal_rcc.o(i.HAL_RCC_GetPCLK2Freq)
    i.HAL_RCC_GetSysClockFreq                0x08002050   Section        0  stm32f1xx_hal_rcc.o(i.HAL_RCC_GetSysClockFreq)
    i.HAL_RCC_OscConfig                      0x080020c0   Section        0  stm32f1xx_hal_rcc.o(i.HAL_RCC_OscConfig)
    i.HAL_SYSTICK_Config                     0x08002524   Section        0  stm32f1xx_hal_cortex.o(i.HAL_SYSTICK_Config)
    i.HAL_TIMEx_BreakCallback                0x08002558   Section        0  stm32f1xx_hal_tim_ex.o(i.HAL_TIMEx_BreakCallback)
    i.HAL_TIMEx_CommutCallback               0x0800255a   Section        0  stm32f1xx_hal_tim_ex.o(i.HAL_TIMEx_CommutCallback)
    i.HAL_TIMEx_ConfigBreakDeadTime          0x0800255c   Section        0  stm32f1xx_hal_tim_ex.o(i.HAL_TIMEx_ConfigBreakDeadTime)
    i.HAL_TIMEx_MasterConfigSynchronization  0x080025d0   Section        0  stm32f1xx_hal_tim_ex.o(i.HAL_TIMEx_MasterConfigSynchronization)
    i.HAL_TIMEx_PWMN_Start                   0x08002654   Section        0  stm32f1xx_hal_tim_ex.o(i.HAL_TIMEx_PWMN_Start)
    i.HAL_TIM_Base_Init                      0x08002718   Section        0  stm32f1xx_hal_tim.o(i.HAL_TIM_Base_Init)
    i.HAL_TIM_Base_MspInit                   0x08002780   Section        0  tim.o(i.HAL_TIM_Base_MspInit)
    i.HAL_TIM_Base_Start_IT                  0x080027c4   Section        0  stm32f1xx_hal_tim.o(i.HAL_TIM_Base_Start_IT)
    i.HAL_TIM_ConfigClockSource              0x0800283c   Section        0  stm32f1xx_hal_tim.o(i.HAL_TIM_ConfigClockSource)
    i.HAL_TIM_Encoder_Init                   0x08002948   Section        0  stm32f1xx_hal_tim.o(i.HAL_TIM_Encoder_Init)
    i.HAL_TIM_Encoder_MspInit                0x08002a0c   Section        0  tim.o(i.HAL_TIM_Encoder_MspInit)
    i.HAL_TIM_Encoder_Start                  0x08002ad8   Section        0  stm32f1xx_hal_tim.o(i.HAL_TIM_Encoder_Start)
    i.HAL_TIM_IC_CaptureCallback             0x08002ba4   Section        0  stm32f1xx_hal_tim.o(i.HAL_TIM_IC_CaptureCallback)
    i.HAL_TIM_IRQHandler                     0x08002ba6   Section        0  stm32f1xx_hal_tim.o(i.HAL_TIM_IRQHandler)
    i.HAL_TIM_MspPostInit                    0x08002d3c   Section        0  tim.o(i.HAL_TIM_MspPostInit)
    i.HAL_TIM_OC_DelayElapsedCallback        0x08002de8   Section        0  stm32f1xx_hal_tim.o(i.HAL_TIM_OC_DelayElapsedCallback)
    i.HAL_TIM_PWM_ConfigChannel              0x08002dea   Section        0  stm32f1xx_hal_tim.o(i.HAL_TIM_PWM_ConfigChannel)
    i.HAL_TIM_PWM_Init                       0x08002eee   Section        0  stm32f1xx_hal_tim.o(i.HAL_TIM_PWM_Init)
    i.HAL_TIM_PWM_MspInit                    0x08002f54   Section        0  tim.o(i.HAL_TIM_PWM_MspInit)
    i.HAL_TIM_PWM_PulseFinishedCallback      0x08002f80   Section        0  stm32f1xx_hal_tim.o(i.HAL_TIM_PWM_PulseFinishedCallback)
    i.HAL_TIM_PWM_Start                      0x08002f84   Section        0  stm32f1xx_hal_tim.o(i.HAL_TIM_PWM_Start)
    i.HAL_TIM_PeriodElapsedCallback          0x08003058   Section        0  stm32f1xx_it.o(i.HAL_TIM_PeriodElapsedCallback)
    i.HAL_TIM_TriggerCallback                0x08003098   Section        0  stm32f1xx_hal_tim.o(i.HAL_TIM_TriggerCallback)
    i.HAL_UARTEx_RxEventCallback             0x0800309a   Section        0  stm32f1xx_hal_uart.o(i.HAL_UARTEx_RxEventCallback)
    i.HAL_UART_ErrorCallback                 0x0800309c   Section        0  stm32f1xx_hal_uart.o(i.HAL_UART_ErrorCallback)
    i.HAL_UART_IRQHandler                    0x080030a0   Section        0  stm32f1xx_hal_uart.o(i.HAL_UART_IRQHandler)
    i.HAL_UART_Init                          0x08003384   Section        0  stm32f1xx_hal_uart.o(i.HAL_UART_Init)
    i.HAL_UART_MspInit                       0x080033fc   Section        0  usart.o(i.HAL_UART_MspInit)
    i.HAL_UART_Receive_IT                    0x08003504   Section        0  stm32f1xx_hal_uart.o(i.HAL_UART_Receive_IT)
    i.HAL_UART_RxCpltCallback                0x08003530   Section        0  stm32f1xx_it.o(i.HAL_UART_RxCpltCallback)
    i.HAL_UART_TxCpltCallback                0x08003634   Section        0  stm32f1xx_hal_uart.o(i.HAL_UART_TxCpltCallback)
    i.HardFault_Handler                      0x08003636   Section        0  stm32f1xx_it.o(i.HardFault_Handler)
    i.IIC_Ack                                0x0800363c   Section        0  iic.o(i.IIC_Ack)
    i.IIC_Delay                              0x0800367c   Section        0  iic.o(i.IIC_Delay)
    IIC_Delay                                0x0800367d   Thumb Code    14  iic.o(i.IIC_Delay)
    i.IIC_GPIO_Init                          0x0800368c   Section        0  iic.o(i.IIC_GPIO_Init)
    i.IIC_NAck                               0x080036d4   Section        0  iic.o(i.IIC_NAck)
    i.IIC_Read_Byte                          0x08003708   Section        0  iic.o(i.IIC_Read_Byte)
    i.IIC_Send_Byte                          0x08003760   Section        0  iic.o(i.IIC_Send_Byte)
    i.IIC_Start                              0x080037c8   Section        0  iic.o(i.IIC_Start)
    i.IIC_Stop                               0x08003808   Section        0  iic.o(i.IIC_Stop)
    i.IIC_Wait_Ack                           0x08003834   Section        0  iic.o(i.IIC_Wait_Ack)
    i.Incremental_PI_L                       0x0800387c   Section        0  pid.o(i.Incremental_PI_L)
    i.Incremental_PI_R                       0x0800395c   Section        0  pid.o(i.Incremental_PI_R)
    i.Key_Scan                               0x08003a3c   Section        0  key.o(i.Key_Scan)
    i.MPU9250_Init                           0x08003a6e   Section        0  mpu9250.o(i.MPU9250_Init)
    i.MPU_Get_Accelerometer                  0x08003afc   Section        0  mpu9250.o(i.MPU_Get_Accelerometer)
    i.MPU_Get_Gyroscope                      0x08003b44   Section        0  mpu9250.o(i.MPU_Get_Gyroscope)
    i.MPU_Read_Byte                          0x08003c1c   Section        0  mpu9250.o(i.MPU_Read_Byte)
    i.MPU_Read_Len                           0x08003c64   Section        0  mpu9250.o(i.MPU_Read_Len)
    i.MPU_Set_Accel_Fsr                      0x08003cd8   Section        0  mpu9250.o(i.MPU_Set_Accel_Fsr)
    i.MPU_Set_Gyro_Fsr                       0x08003cea   Section        0  mpu9250.o(i.MPU_Set_Gyro_Fsr)
    i.MPU_Set_LPF                            0x08003cfc   Section        0  mpu9250.o(i.MPU_Set_LPF)
    i.MPU_Set_Rate                           0x08003d38   Section        0  mpu9250.o(i.MPU_Set_Rate)
    i.MPU_Write_Byte                         0x08003d74   Section        0  mpu9250.o(i.MPU_Write_Byte)
    i.MX_ADC1_Init                           0x08003dc0   Section        0  adc.o(i.MX_ADC1_Init)
    i.MX_GPIO_Init                           0x08003e1c   Section        0  gpio.o(i.MX_GPIO_Init)
    i.MX_TIM1_Init                           0x08003f0c   Section        0  tim.o(i.MX_TIM1_Init)
    i.MX_TIM2_Init                           0x08003fe4   Section        0  tim.o(i.MX_TIM2_Init)
    i.MX_TIM3_Init                           0x0800408c   Section        0  tim.o(i.MX_TIM3_Init)
    i.MX_TIM4_Init                           0x0800410c   Section        0  tim.o(i.MX_TIM4_Init)
    i.MX_USART1_UART_Init                    0x0800418c   Section        0  usart.o(i.MX_USART1_UART_Init)
    i.MX_USART3_UART_Init                    0x080041c4   Section        0  usart.o(i.MX_USART3_UART_Init)
    i.MemManage_Handler                      0x080041fc   Section        0  stm32f1xx_it.o(i.MemManage_Handler)
    i.NMI_Handler                            0x08004200   Section        0  stm32f1xx_it.o(i.NMI_Handler)
    i.PendSV_Handler                         0x08004204   Section        0  stm32f1xx_it.o(i.PendSV_Handler)
    i.RCC_Delay                              0x08004208   Section        0  stm32f1xx_hal_rcc.o(i.RCC_Delay)
    RCC_Delay                                0x08004209   Thumb Code    36  stm32f1xx_hal_rcc.o(i.RCC_Delay)
    i.SVC_Handler                            0x08004230   Section        0  stm32f1xx_it.o(i.SVC_Handler)
    i.Set_Pwm                                0x08004234   Section        0  motor.o(i.Set_Pwm)
    i.Steer_Ctrl                             0x080042b0   Section        0  motor.o(i.Steer_Ctrl)
    i.SysTick_Handler                        0x08004350   Section        0  stm32f1xx_it.o(i.SysTick_Handler)
    i.SystemClock_Config                     0x08004358   Section        0  main.o(i.SystemClock_Config)
    i.SystemInit                             0x080043dc   Section        0  system_stm32f1xx.o(i.SystemInit)
    i.TIM1_UP_IRQHandler                     0x080043e0   Section        0  stm32f1xx_it.o(i.TIM1_UP_IRQHandler)
    i.TIM_Base_SetConfig                     0x080043f0   Section        0  stm32f1xx_hal_tim.o(i.TIM_Base_SetConfig)
    i.TIM_CCxChannelCmd                      0x08004464   Section        0  stm32f1xx_hal_tim.o(i.TIM_CCxChannelCmd)
    i.TIM_CCxNChannelCmd                     0x08004486   Section        0  stm32f1xx_hal_tim_ex.o(i.TIM_CCxNChannelCmd)
    TIM_CCxNChannelCmd                       0x08004487   Thumb Code    34  stm32f1xx_hal_tim_ex.o(i.TIM_CCxNChannelCmd)
    i.TIM_ETR_SetConfig                      0x080044a8   Section        0  stm32f1xx_hal_tim.o(i.TIM_ETR_SetConfig)
    i.TIM_ITRx_SetConfig                     0x080044be   Section        0  stm32f1xx_hal_tim.o(i.TIM_ITRx_SetConfig)
    TIM_ITRx_SetConfig                       0x080044bf   Thumb Code    18  stm32f1xx_hal_tim.o(i.TIM_ITRx_SetConfig)
    i.TIM_OC1_SetConfig                      0x080044d0   Section        0  stm32f1xx_hal_tim.o(i.TIM_OC1_SetConfig)
    TIM_OC1_SetConfig                        0x080044d1   Thumb Code    90  stm32f1xx_hal_tim.o(i.TIM_OC1_SetConfig)
    i.TIM_OC2_SetConfig                      0x08004530   Section        0  stm32f1xx_hal_tim.o(i.TIM_OC2_SetConfig)
    i.TIM_OC3_SetConfig                      0x08004598   Section        0  stm32f1xx_hal_tim.o(i.TIM_OC3_SetConfig)
    TIM_OC3_SetConfig                        0x08004599   Thumb Code    98  stm32f1xx_hal_tim.o(i.TIM_OC3_SetConfig)
    i.TIM_OC4_SetConfig                      0x08004600   Section        0  stm32f1xx_hal_tim.o(i.TIM_OC4_SetConfig)
    TIM_OC4_SetConfig                        0x08004601   Thumb Code    68  stm32f1xx_hal_tim.o(i.TIM_OC4_SetConfig)
    i.TIM_TI1_ConfigInputStage               0x08004648   Section        0  stm32f1xx_hal_tim.o(i.TIM_TI1_ConfigInputStage)
    TIM_TI1_ConfigInputStage                 0x08004649   Thumb Code    38  stm32f1xx_hal_tim.o(i.TIM_TI1_ConfigInputStage)
    i.TIM_TI2_ConfigInputStage               0x0800466e   Section        0  stm32f1xx_hal_tim.o(i.TIM_TI2_ConfigInputStage)
    TIM_TI2_ConfigInputStage                 0x0800466f   Thumb Code    40  stm32f1xx_hal_tim.o(i.TIM_TI2_ConfigInputStage)
    i.Turn_Off                               0x08004698   Section        0  motor.o(i.Turn_Off)
    i.UART_DMAAbortOnError                   0x08004708   Section        0  stm32f1xx_hal_uart.o(i.UART_DMAAbortOnError)
    UART_DMAAbortOnError                     0x08004709   Thumb Code    20  stm32f1xx_hal_uart.o(i.UART_DMAAbortOnError)
    i.UART_EndRxTransfer                     0x0800471c   Section        0  stm32f1xx_hal_uart.o(i.UART_EndRxTransfer)
    UART_EndRxTransfer                       0x0800471d   Thumb Code   108  stm32f1xx_hal_uart.o(i.UART_EndRxTransfer)
    i.UART_EndTransmit_IT                    0x08004788   Section        0  stm32f1xx_hal_uart.o(i.UART_EndTransmit_IT)
    UART_EndTransmit_IT                      0x08004789   Thumb Code    32  stm32f1xx_hal_uart.o(i.UART_EndTransmit_IT)
    i.UART_Receive_IT                        0x080047a8   Section        0  stm32f1xx_hal_uart.o(i.UART_Receive_IT)
    UART_Receive_IT                          0x080047a9   Thumb Code   252  stm32f1xx_hal_uart.o(i.UART_Receive_IT)
    i.UART_SetConfig                         0x080048a4   Section        0  stm32f1xx_hal_uart.o(i.UART_SetConfig)
    UART_SetConfig                           0x080048a5   Thumb Code   248  stm32f1xx_hal_uart.o(i.UART_SetConfig)
    i.UART_Start_Receive_IT                  0x080049a0   Section        0  stm32f1xx_hal_uart.o(i.UART_Start_Receive_IT)
    i.UART_Transmit_IT                       0x080049e0   Section        0  stm32f1xx_hal_uart.o(i.UART_Transmit_IT)
    UART_Transmit_IT                         0x080049e1   Thumb Code    96  stm32f1xx_hal_uart.o(i.UART_Transmit_IT)
    i.USART1_IRQHandler                      0x08004a40   Section        0  stm32f1xx_it.o(i.USART1_IRQHandler)
    i.USART1_SEND                            0x08004a50   Section        0  usartx.o(i.USART1_SEND)
    i.UsageFault_Handler                     0x08004a70   Section        0  stm32f1xx_it.o(i.UsageFault_Handler)
    i.Vz_to_Akm_Angle                        0x08004a74   Section        0  usartx.o(i.Vz_to_Akm_Angle)
    i.XYZ_Target_Speed_transition            0x08004b34   Section        0  usartx.o(i.XYZ_Target_Speed_transition)
    i.__ARM_fpclassify                       0x08004b94   Section        0  fpclassify.o(i.__ARM_fpclassify)
    i.__NVIC_GetPriorityGrouping             0x08004bbc   Section        0  stm32f1xx_hal_cortex.o(i.__NVIC_GetPriorityGrouping)
    __NVIC_GetPriorityGrouping               0x08004bbd   Thumb Code    10  stm32f1xx_hal_cortex.o(i.__NVIC_GetPriorityGrouping)
    i.__NVIC_SetPriority                     0x08004bcc   Section        0  stm32f1xx_hal_cortex.o(i.__NVIC_SetPriority)
    __NVIC_SetPriority                       0x08004bcd   Thumb Code    32  stm32f1xx_hal_cortex.o(i.__NVIC_SetPriority)
    i.__ieee754_rem_pio2                     0x08004bf4   Section        0  rred.o(i.__ieee754_rem_pio2)
    i.__kernel_poly                          0x08004f7c   Section        0  poly.o(i.__kernel_poly)
    i.__kernel_tan                           0x08005028   Section        0  tan_i.o(i.__kernel_tan)
    i.__mathlib_dbl_infnan                   0x080052a4   Section        0  dunder.o(i.__mathlib_dbl_infnan)
    i.__mathlib_dbl_invalid                  0x080052aa   Section        0  dunder.o(i.__mathlib_dbl_invalid)
    i.__mathlib_dbl_underflow                0x080052b8   Section        0  dunder.o(i.__mathlib_dbl_underflow)
    i.__scatterload_copy                     0x080052c8   Section       14  handlers.o(i.__scatterload_copy)
    i.__scatterload_null                     0x080052d6   Section        2  handlers.o(i.__scatterload_null)
    i.__scatterload_zeroinit                 0x080052d8   Section       14  handlers.o(i.__scatterload_zeroinit)
    i.__set_errno                            0x080052e8   Section        0  errno.o(i.__set_errno)
    i.atan                                   0x080052f4   Section        0  atan.o(i.atan)
    i.data_transition                        0x08005514   Section        0  usartx.o(i.data_transition)
    i.float_abs                              0x080056b8   Section        0  usartx.o(i.float_abs)
    i.getTIMx_DetaCnt                        0x080056d0   Section        0  encoder.o(i.getTIMx_DetaCnt)
    i.main                                   0x080056dc   Section        0  main.o(i.main)
    i.myabs                                  0x080057d4   Section        0  motor.o(i.myabs)
    i.tan                                    0x080057e4   Section        0  tan.o(i.tan)
    i.target_limit_float                     0x08005848   Section        0  motor.o(i.target_limit_float)
    i.target_limit_int                       0x08005870   Section        0  motor.o(i.target_limit_int)
    i.usart1_send                            0x08005888   Section        0  usartx.o(i.usart1_send)
    .constdata                               0x080058a4   Section       18  stm32f1xx_hal_rcc.o(.constdata)
    aPLLMULFactorTable                       0x080058a4   Data          16  stm32f1xx_hal_rcc.o(.constdata)
    aPredivFactorTable                       0x080058b4   Data           2  stm32f1xx_hal_rcc.o(.constdata)
    .constdata                               0x080058b6   Section       18  stm32f1xx_hal_rcc_ex.o(.constdata)
    aPLLMULFactorTable                       0x080058b6   Data          16  stm32f1xx_hal_rcc_ex.o(.constdata)
    aPredivFactorTable                       0x080058c6   Data           2  stm32f1xx_hal_rcc_ex.o(.constdata)
    .constdata                               0x080058c8   Section       24  system_stm32f1xx.o(.constdata)
    .constdata                               0x080058e0   Section      152  atan.o(.constdata)
    atanhi                                   0x080058e0   Data          32  atan.o(.constdata)
    atanlo                                   0x08005900   Data          32  atan.o(.constdata)
    aTodd                                    0x08005920   Data          40  atan.o(.constdata)
    aTeven                                   0x08005948   Data          48  atan.o(.constdata)
    .constdata                               0x08005978   Section      200  rred.o(.constdata)
    pio2s                                    0x08005978   Data          48  rred.o(.constdata)
    twooverpi                                0x080059a8   Data         152  rred.o(.constdata)
    .constdata                               0x08005a40   Section       96  tan_i.o(.constdata)
    Todd                                     0x08005a40   Data          48  tan_i.o(.constdata)
    Teven                                    0x08005a70   Data          48  tan_i.o(.constdata)
    .data                                    0x20000000   Section       32  motor.o(.data)
    .data                                    0x20000020   Section       34  mpu9250.o(.data)
    .data                                    0x20000044   Section       24  pid.o(.data)
    Bias                                     0x20000044   Data           4  pid.o(.data)
    Pwm                                      0x20000048   Data           4  pid.o(.data)
    Last_bias                                0x2000004c   Data           4  pid.o(.data)
    Bias                                     0x20000050   Data           4  pid.o(.data)
    Pwm                                      0x20000054   Data           4  pid.o(.data)
    Last_bias                                0x20000058   Data           4  pid.o(.data)
    .data                                    0x2000005c   Section       52  main.o(.data)
    .data                                    0x20000090   Section       20  adc.o(.data)
    Voltage_Temp                             0x20000098   Data           4  adc.o(.data)
    Voltage_Count                            0x2000009c   Data           4  adc.o(.data)
    Voltage_All                              0x200000a0   Data           4  adc.o(.data)
    .data                                    0x200000a4   Section        3  stm32f1xx_it.o(.data)
    Count                                    0x200000a6   Data           1  stm32f1xx_it.o(.data)
    .data                                    0x200000a8   Section        9  stm32f1xx_hal.o(.data)
    .data                                    0x200000b4   Section        4  system_stm32f1xx.o(.data)
    .data                                    0x200000b8   Section        4  errno.o(.data)
    _errno                                   0x200000b8   Data           4  errno.o(.data)
    .bss                                     0x200000bc   Section       80  usartx.o(.bss)
    .bss                                     0x2000010c   Section       48  adc.o(.bss)
    .bss                                     0x2000013c   Section      288  tim.o(.bss)
    .bss                                     0x2000025c   Section      144  usart.o(.bss)
    .bss                                     0x200002ec   Section       11  stm32f1xx_it.o(.bss)
    rxbuf                                    0x200002ec   Data          11  stm32f1xx_it.o(.bss)
    STACK                                    0x200002f8   Section     1024  startup_stm32f103xb.o(STACK)

    Global Symbols

    Symbol Name                              Value     Ov Type        Size  Object(Section)

    BuildAttributes$$THM_ISAv4$P$D$K$B$S$PE$A:L22UL41UL21$X:L11$S22US41US21$IEEE1$IW$USESV6$~STKCKD$USESV7$~SHL$OTIME$ROPI$IEEEX$EBA8$MICROLIB$REQ8$PRES8$EABIv2 0x00000000   Number         0  anon$$obj.o ABSOLUTE
    __ARM_use_no_argv                        0x00000000   Number         0  main.o ABSOLUTE
    __arm_fini_                               - Undefined Weak Reference
    __cpp_initialize__aeabi_                  - Undefined Weak Reference
    __cxa_finalize                            - Undefined Weak Reference
    __decompress                              - Undefined Weak Reference
    _clock_init                               - Undefined Weak Reference
    _microlib_exit                            - Undefined Weak Reference
    __Vectors_Size                           0x000000ec   Number         0  startup_stm32f103xb.o ABSOLUTE
    __Vectors                                0x08000000   Data           4  startup_stm32f103xb.o(RESET)
    __Vectors_End                            0x080000ec   Data           0  startup_stm32f103xb.o(RESET)
    __main                                   0x080000ed   Thumb Code     0  entry.o(.ARM.Collect$$$$00000000)
    _main_stk                                0x080000ed   Thumb Code     0  entry2.o(.ARM.Collect$$$$00000001)
    _main_scatterload                        0x080000f1   Thumb Code     0  entry5.o(.ARM.Collect$$$$00000004)
    __main_after_scatterload                 0x080000f5   Thumb Code     0  entry5.o(.ARM.Collect$$$$00000004)
    _main_clock                              0x080000f5   Thumb Code     0  entry7b.o(.ARM.Collect$$$$00000008)
    _main_cpp_init                           0x080000f5   Thumb Code     0  entry8b.o(.ARM.Collect$$$$0000000A)
    _main_init                               0x080000f5   Thumb Code     0  entry9a.o(.ARM.Collect$$$$0000000B)
    __rt_lib_shutdown_fini                   0x080000fd   Thumb Code     0  entry12b.o(.ARM.Collect$$$$0000000E)
    __rt_final_cpp                           0x08000101   Thumb Code     0  entry10a.o(.ARM.Collect$$$$0000000F)
    __rt_final_exit                          0x08000101   Thumb Code     0  entry11a.o(.ARM.Collect$$$$00000011)
    Reset_Handler                            0x08000105   Thumb Code     8  startup_stm32f103xb.o(.text)
    ADC1_2_IRQHandler                        0x0800011f   Thumb Code     0  startup_stm32f103xb.o(.text)
    CAN1_RX1_IRQHandler                      0x0800011f   Thumb Code     0  startup_stm32f103xb.o(.text)
    CAN1_SCE_IRQHandler                      0x0800011f   Thumb Code     0  startup_stm32f103xb.o(.text)
    DMA1_Channel1_IRQHandler                 0x0800011f   Thumb Code     0  startup_stm32f103xb.o(.text)
    DMA1_Channel2_IRQHandler                 0x0800011f   Thumb Code     0  startup_stm32f103xb.o(.text)
    DMA1_Channel3_IRQHandler                 0x0800011f   Thumb Code     0  startup_stm32f103xb.o(.text)
    DMA1_Channel4_IRQHandler                 0x0800011f   Thumb Code     0  startup_stm32f103xb.o(.text)
    DMA1_Channel5_IRQHandler                 0x0800011f   Thumb Code     0  startup_stm32f103xb.o(.text)
    DMA1_Channel6_IRQHandler                 0x0800011f   Thumb Code     0  startup_stm32f103xb.o(.text)
    DMA1_Channel7_IRQHandler                 0x0800011f   Thumb Code     0  startup_stm32f103xb.o(.text)
    EXTI0_IRQHandler                         0x0800011f   Thumb Code     0  startup_stm32f103xb.o(.text)
    EXTI15_10_IRQHandler                     0x0800011f   Thumb Code     0  startup_stm32f103xb.o(.text)
    EXTI1_IRQHandler                         0x0800011f   Thumb Code     0  startup_stm32f103xb.o(.text)
    EXTI2_IRQHandler                         0x0800011f   Thumb Code     0  startup_stm32f103xb.o(.text)
    EXTI3_IRQHandler                         0x0800011f   Thumb Code     0  startup_stm32f103xb.o(.text)
    EXTI4_IRQHandler                         0x0800011f   Thumb Code     0  startup_stm32f103xb.o(.text)
    FLASH_IRQHandler                         0x0800011f   Thumb Code     0  startup_stm32f103xb.o(.text)
    I2C1_ER_IRQHandler                       0x0800011f   Thumb Code     0  startup_stm32f103xb.o(.text)
    I2C1_EV_IRQHandler                       0x0800011f   Thumb Code     0  startup_stm32f103xb.o(.text)
    I2C2_ER_IRQHandler                       0x0800011f   Thumb Code     0  startup_stm32f103xb.o(.text)
    I2C2_EV_IRQHandler                       0x0800011f   Thumb Code     0  startup_stm32f103xb.o(.text)
    PVD_IRQHandler                           0x0800011f   Thumb Code     0  startup_stm32f103xb.o(.text)
    RCC_IRQHandler                           0x0800011f   Thumb Code     0  startup_stm32f103xb.o(.text)
    RTC_Alarm_IRQHandler                     0x0800011f   Thumb Code     0  startup_stm32f103xb.o(.text)
    RTC_IRQHandler                           0x0800011f   Thumb Code     0  startup_stm32f103xb.o(.text)
    SPI1_IRQHandler                          0x0800011f   Thumb Code     0  startup_stm32f103xb.o(.text)
    SPI2_IRQHandler                          0x0800011f   Thumb Code     0  startup_stm32f103xb.o(.text)
    TAMPER_IRQHandler                        0x0800011f   Thumb Code     0  startup_stm32f103xb.o(.text)
    TIM1_BRK_IRQHandler                      0x0800011f   Thumb Code     0  startup_stm32f103xb.o(.text)
    TIM1_CC_IRQHandler                       0x0800011f   Thumb Code     0  startup_stm32f103xb.o(.text)
    TIM1_TRG_COM_IRQHandler                  0x0800011f   Thumb Code     0  startup_stm32f103xb.o(.text)
    TIM2_IRQHandler                          0x0800011f   Thumb Code     0  startup_stm32f103xb.o(.text)
    TIM3_IRQHandler                          0x0800011f   Thumb Code     0  startup_stm32f103xb.o(.text)
    TIM4_IRQHandler                          0x0800011f   Thumb Code     0  startup_stm32f103xb.o(.text)
    USART2_IRQHandler                        0x0800011f   Thumb Code     0  startup_stm32f103xb.o(.text)
    USART3_IRQHandler                        0x0800011f   Thumb Code     0  startup_stm32f103xb.o(.text)
    USBWakeUp_IRQHandler                     0x0800011f   Thumb Code     0  startup_stm32f103xb.o(.text)
    USB_HP_CAN1_TX_IRQHandler                0x0800011f   Thumb Code     0  startup_stm32f103xb.o(.text)
    USB_LP_CAN1_RX0_IRQHandler               0x0800011f   Thumb Code     0  startup_stm32f103xb.o(.text)
    WWDG_IRQHandler                          0x0800011f   Thumb Code     0  startup_stm32f103xb.o(.text)
    __aeabi_llsr                             0x08000129   Thumb Code    32  llushr.o(.text)
    _ll_ushift_r                             0x08000129   Thumb Code     0  llushr.o(.text)
    __aeabi_memset                           0x08000149   Thumb Code    14  memseta.o(.text)
    __aeabi_memset4                          0x08000149   Thumb Code     0  memseta.o(.text)
    __aeabi_memset8                          0x08000149   Thumb Code     0  memseta.o(.text)
    __aeabi_memclr                           0x08000157   Thumb Code     4  memseta.o(.text)
    __aeabi_memclr4                          0x08000157   Thumb Code     0  memseta.o(.text)
    __aeabi_memclr8                          0x08000157   Thumb Code     0  memseta.o(.text)
    _memset$wrapper                          0x0800015b   Thumb Code    18  memseta.o(.text)
    __aeabi_fadd                             0x0800016d   Thumb Code   164  fadd.o(.text)
    __aeabi_fsub                             0x08000211   Thumb Code     6  fadd.o(.text)
    __aeabi_frsub                            0x08000217   Thumb Code     6  fadd.o(.text)
    __aeabi_fmul                             0x0800021d   Thumb Code   100  fmul.o(.text)
    __aeabi_fdiv                             0x08000281   Thumb Code   124  fdiv.o(.text)
    __aeabi_dadd                             0x080002fd   Thumb Code   322  dadd.o(.text)
    __aeabi_dsub                             0x0800043f   Thumb Code     6  dadd.o(.text)
    __aeabi_drsub                            0x08000445   Thumb Code     6  dadd.o(.text)
    __aeabi_dmul                             0x0800044b   Thumb Code   228  dmul.o(.text)
    __aeabi_ddiv                             0x0800052f   Thumb Code   222  ddiv.o(.text)
    __aeabi_i2f                              0x0800060d   Thumb Code    18  fflti.o(.text)
    __aeabi_i2d                              0x0800061f   Thumb Code    34  dflti.o(.text)
    __aeabi_ui2d                             0x08000641   Thumb Code    26  dfltui.o(.text)
    __aeabi_f2iz                             0x0800065b   Thumb Code    50  ffixi.o(.text)
    __aeabi_d2iz                             0x0800068d   Thumb Code    62  dfixi.o(.text)
    __aeabi_f2d                              0x080006cb   Thumb Code    38  f2d.o(.text)
    __aeabi_cdcmpeq                          0x080006f1   Thumb Code     0  cdcmple.o(.text)
    __aeabi_cdcmple                          0x080006f1   Thumb Code    48  cdcmple.o(.text)
    __aeabi_cdrcmple                         0x08000721   Thumb Code    48  cdrcmple.o(.text)
    __aeabi_d2f                              0x08000751   Thumb Code    56  d2f.o(.text)
    __aeabi_cfcmpeq                          0x08000789   Thumb Code     0  cfcmple.o(.text)
    __aeabi_cfcmple                          0x08000789   Thumb Code    20  cfcmple.o(.text)
    __aeabi_cfrcmple                         0x0800079d   Thumb Code    20  cfrcmple.o(.text)
    __aeabi_llsl                             0x080007b1   Thumb Code    30  llshl.o(.text)
    _ll_shift_l                              0x080007b1   Thumb Code     0  llshl.o(.text)
    __aeabi_lasr                             0x080007cf   Thumb Code    36  llsshr.o(.text)
    _ll_sshift_r                             0x080007cf   Thumb Code     0  llsshr.o(.text)
    __I$use$fp                               0x080007f3   Thumb Code     0  iusefp.o(.text)
    _float_round                             0x080007f3   Thumb Code    18  fepilogue.o(.text)
    _float_epilogue                          0x08000805   Thumb Code    92  fepilogue.o(.text)
    _double_round                            0x08000861   Thumb Code    30  depilogue.o(.text)
    _double_epilogue                         0x0800087f   Thumb Code   156  depilogue.o(.text)
    __ARM_scalbn                             0x0800091b   Thumb Code    46  dscalb.o(.text)
    scalbn                                   0x0800091b   Thumb Code     0  dscalb.o(.text)
    __scatterload                            0x08000949   Thumb Code    28  init.o(.text)
    __scatterload_rt2                        0x08000949   Thumb Code     0  init.o(.text)
    ADC_ConversionStop_Disable               0x0800096d   Thumb Code    92  stm32f1xx_hal_adc.o(i.ADC_ConversionStop_Disable)
    ADC_Enable                               0x080009c9   Thumb Code   134  stm32f1xx_hal_adc.o(i.ADC_Enable)
    BusFault_Handler                         0x08000a59   Thumb Code     4  stm32f1xx_it.o(i.BusFault_Handler)
    Check_Sum                                0x08000a5d   Thumb Code    52  usartx.o(i.Check_Sum)
    DebugMon_Handler                         0x08000a99   Thumb Code     2  stm32f1xx_it.o(i.DebugMon_Handler)
    Drive_Motor                              0x08000a9d   Thumb Code   408  motor.o(i.Drive_Motor)
    EXTI9_5_IRQHandler                       0x08000c71   Thumb Code    12  stm32f1xx_it.o(i.EXTI9_5_IRQHandler)
    Error_Handler                            0x08000c7d   Thumb Code     6  main.o(i.Error_Handler)
    Get_Adc                                  0x08000c85   Thumb Code    44  adc.o(i.Get_Adc)
    Get_Motor_Speed                          0x08000cb5   Thumb Code   104  encoder.o(i.Get_Motor_Speed)
    Get_battery_volt                         0x08000d35   Thumb Code    78  adc.o(i.Get_battery_volt)
    Get_battery_volt_average                 0x08000d95   Thumb Code    90  adc.o(i.Get_battery_volt_average)
    HAL_ADCEx_Calibration_Start              0x08000e01   Thumb Code   278  stm32f1xx_hal_adc_ex.o(i.HAL_ADCEx_Calibration_Start)
    HAL_ADC_ConfigChannel                    0x08000f1d   Thumb Code   338  stm32f1xx_hal_adc.o(i.HAL_ADC_ConfigChannel)
    HAL_ADC_GetState                         0x0800107d   Thumb Code     6  stm32f1xx_hal_adc.o(i.HAL_ADC_GetState)
    HAL_ADC_GetValue                         0x08001083   Thumb Code     8  stm32f1xx_hal_adc.o(i.HAL_ADC_GetValue)
    HAL_ADC_Init                             0x0800108d   Thumb Code   314  stm32f1xx_hal_adc.o(i.HAL_ADC_Init)
    HAL_ADC_MspInit                          0x080011d1   Thumb Code    98  adc.o(i.HAL_ADC_MspInit)
    HAL_ADC_PollForConversion                0x08001241   Thumb Code   366  stm32f1xx_hal_adc.o(i.HAL_ADC_PollForConversion)
    HAL_ADC_Start                            0x080013c1   Thumb Code   294  stm32f1xx_hal_adc.o(i.HAL_ADC_Start)
    HAL_DMA_Abort                            0x080014f1   Thumb Code    86  stm32f1xx_hal_dma.o(i.HAL_DMA_Abort)
    HAL_DMA_Abort_IT                         0x08001549   Thumb Code   172  stm32f1xx_hal_dma.o(i.HAL_DMA_Abort_IT)
    HAL_Delay                                0x080015f9   Thumb Code    36  stm32f1xx_hal.o(i.HAL_Delay)
    HAL_GPIO_EXTI_Callback                   0x08001621   Thumb Code   194  stm32f1xx_it.o(i.HAL_GPIO_EXTI_Callback)
    HAL_GPIO_EXTI_IRQHandler                 0x08001729   Thumb Code    24  stm32f1xx_hal_gpio.o(i.HAL_GPIO_EXTI_IRQHandler)
    HAL_GPIO_Init                            0x08001745   Thumb Code   766  stm32f1xx_hal_gpio.o(i.HAL_GPIO_Init)
    HAL_GPIO_ReadPin                         0x08001a65   Thumb Code    16  stm32f1xx_hal_gpio.o(i.HAL_GPIO_ReadPin)
    HAL_GPIO_TogglePin                       0x08001a75   Thumb Code    20  stm32f1xx_hal_gpio.o(i.HAL_GPIO_TogglePin)
    HAL_GPIO_WritePin                        0x08001a89   Thumb Code    12  stm32f1xx_hal_gpio.o(i.HAL_GPIO_WritePin)
    HAL_GetTick                              0x08001a95   Thumb Code     6  stm32f1xx_hal.o(i.HAL_GetTick)
    HAL_IncTick                              0x08001aa1   Thumb Code    16  stm32f1xx_hal.o(i.HAL_IncTick)
    HAL_Init                                 0x08001ab9   Thumb Code    34  stm32f1xx_hal.o(i.HAL_Init)
    HAL_InitTick                             0x08001ae1   Thumb Code    64  stm32f1xx_hal.o(i.HAL_InitTick)
    HAL_MspInit                              0x08001b2d   Thumb Code    82  stm32f1xx_hal_msp.o(i.HAL_MspInit)
    HAL_NVIC_EnableIRQ                       0x08001b89   Thumb Code    32  stm32f1xx_hal_cortex.o(i.HAL_NVIC_EnableIRQ)
    HAL_NVIC_SetPriority                     0x08001ba9   Thumb Code   124  stm32f1xx_hal_cortex.o(i.HAL_NVIC_SetPriority)
    HAL_NVIC_SetPriorityGrouping             0x08001c25   Thumb Code    32  stm32f1xx_hal_cortex.o(i.HAL_NVIC_SetPriorityGrouping)
    HAL_RCCEx_GetPeriphCLKFreq               0x08001c4d   Thumb Code   232  stm32f1xx_hal_rcc_ex.o(i.HAL_RCCEx_GetPeriphCLKFreq)
    HAL_RCCEx_PeriphCLKConfig                0x08001d49   Thumb Code   290  stm32f1xx_hal_rcc_ex.o(i.HAL_RCCEx_PeriphCLKConfig)
    HAL_RCC_ClockConfig                      0x08001e79   Thumb Code   376  stm32f1xx_hal_rcc.o(i.HAL_RCC_ClockConfig)
    HAL_RCC_GetHCLKFreq                      0x08002005   Thumb Code     6  stm32f1xx_hal_rcc.o(i.HAL_RCC_GetHCLKFreq)
    HAL_RCC_GetPCLK1Freq                     0x08002011   Thumb Code    22  stm32f1xx_hal_rcc.o(i.HAL_RCC_GetPCLK1Freq)
    HAL_RCC_GetPCLK2Freq                     0x08002031   Thumb Code    22  stm32f1xx_hal_rcc.o(i.HAL_RCC_GetPCLK2Freq)
    HAL_RCC_GetSysClockFreq                  0x08002051   Thumb Code    92  stm32f1xx_hal_rcc.o(i.HAL_RCC_GetSysClockFreq)
    HAL_RCC_OscConfig                        0x080020c1   Thumb Code  1114  stm32f1xx_hal_rcc.o(i.HAL_RCC_OscConfig)
    HAL_SYSTICK_Config                       0x08002525   Thumb Code    52  stm32f1xx_hal_cortex.o(i.HAL_SYSTICK_Config)
    HAL_TIMEx_BreakCallback                  0x08002559   Thumb Code     2  stm32f1xx_hal_tim_ex.o(i.HAL_TIMEx_BreakCallback)
    HAL_TIMEx_CommutCallback                 0x0800255b   Thumb Code     2  stm32f1xx_hal_tim_ex.o(i.HAL_TIMEx_CommutCallback)
    HAL_TIMEx_ConfigBreakDeadTime            0x0800255d   Thumb Code   116  stm32f1xx_hal_tim_ex.o(i.HAL_TIMEx_ConfigBreakDeadTime)
    HAL_TIMEx_MasterConfigSynchronization    0x080025d1   Thumb Code   118  stm32f1xx_hal_tim_ex.o(i.HAL_TIMEx_MasterConfigSynchronization)
    HAL_TIMEx_PWMN_Start                     0x08002655   Thumb Code   182  stm32f1xx_hal_tim_ex.o(i.HAL_TIMEx_PWMN_Start)
    HAL_TIM_Base_Init                        0x08002719   Thumb Code   102  stm32f1xx_hal_tim.o(i.HAL_TIM_Base_Init)
    HAL_TIM_Base_MspInit                     0x08002781   Thumb Code    58  tim.o(i.HAL_TIM_Base_MspInit)
    HAL_TIM_Base_Start_IT                    0x080027c5   Thumb Code   106  stm32f1xx_hal_tim.o(i.HAL_TIM_Base_Start_IT)
    HAL_TIM_ConfigClockSource                0x0800283d   Thumb Code   268  stm32f1xx_hal_tim.o(i.HAL_TIM_ConfigClockSource)
    HAL_TIM_Encoder_Init                     0x08002949   Thumb Code   196  stm32f1xx_hal_tim.o(i.HAL_TIM_Encoder_Init)
    HAL_TIM_Encoder_MspInit                  0x08002a0d   Thumb Code   182  tim.o(i.HAL_TIM_Encoder_MspInit)
    HAL_TIM_Encoder_Start                    0x08002ad9   Thumb Code   204  stm32f1xx_hal_tim.o(i.HAL_TIM_Encoder_Start)
    HAL_TIM_IC_CaptureCallback               0x08002ba5   Thumb Code     2  stm32f1xx_hal_tim.o(i.HAL_TIM_IC_CaptureCallback)
    HAL_TIM_IRQHandler                       0x08002ba7   Thumb Code   406  stm32f1xx_hal_tim.o(i.HAL_TIM_IRQHandler)
    HAL_TIM_MspPostInit                      0x08002d3d   Thumb Code   150  tim.o(i.HAL_TIM_MspPostInit)
    HAL_TIM_OC_DelayElapsedCallback          0x08002de9   Thumb Code     2  stm32f1xx_hal_tim.o(i.HAL_TIM_OC_DelayElapsedCallback)
    HAL_TIM_PWM_ConfigChannel                0x08002deb   Thumb Code   260  stm32f1xx_hal_tim.o(i.HAL_TIM_PWM_ConfigChannel)
    HAL_TIM_PWM_Init                         0x08002eef   Thumb Code   102  stm32f1xx_hal_tim.o(i.HAL_TIM_PWM_Init)
    HAL_TIM_PWM_MspInit                      0x08002f55   Thumb Code    40  tim.o(i.HAL_TIM_PWM_MspInit)
    HAL_TIM_PWM_PulseFinishedCallback        0x08002f81   Thumb Code     2  stm32f1xx_hal_tim.o(i.HAL_TIM_PWM_PulseFinishedCallback)
    HAL_TIM_PWM_Start                        0x08002f85   Thumb Code   198  stm32f1xx_hal_tim.o(i.HAL_TIM_PWM_Start)
    HAL_TIM_PeriodElapsedCallback            0x08003059   Thumb Code    46  stm32f1xx_it.o(i.HAL_TIM_PeriodElapsedCallback)
    HAL_TIM_TriggerCallback                  0x08003099   Thumb Code     2  stm32f1xx_hal_tim.o(i.HAL_TIM_TriggerCallback)
    HAL_UARTEx_RxEventCallback               0x0800309b   Thumb Code     2  stm32f1xx_hal_uart.o(i.HAL_UARTEx_RxEventCallback)
    HAL_UART_ErrorCallback                   0x0800309d   Thumb Code     2  stm32f1xx_hal_uart.o(i.HAL_UART_ErrorCallback)
    HAL_UART_IRQHandler                      0x080030a1   Thumb Code   736  stm32f1xx_hal_uart.o(i.HAL_UART_IRQHandler)
    HAL_UART_Init                            0x08003385   Thumb Code   118  stm32f1xx_hal_uart.o(i.HAL_UART_Init)
    HAL_UART_MspInit                         0x080033fd   Thumb Code   242  usart.o(i.HAL_UART_MspInit)
    HAL_UART_Receive_IT                      0x08003505   Thumb Code    44  stm32f1xx_hal_uart.o(i.HAL_UART_Receive_IT)
    HAL_UART_RxCpltCallback                  0x08003531   Thumb Code   220  stm32f1xx_it.o(i.HAL_UART_RxCpltCallback)
    HAL_UART_TxCpltCallback                  0x08003635   Thumb Code     2  stm32f1xx_hal_uart.o(i.HAL_UART_TxCpltCallback)
    HardFault_Handler                        0x08003637   Thumb Code     4  stm32f1xx_it.o(i.HardFault_Handler)
    IIC_Ack                                  0x0800363d   Thumb Code    60  iic.o(i.IIC_Ack)
    IIC_GPIO_Init                            0x0800368d   Thumb Code    62  iic.o(i.IIC_GPIO_Init)
    IIC_NAck                                 0x080036d5   Thumb Code    48  iic.o(i.IIC_NAck)
    IIC_Read_Byte                            0x08003709   Thumb Code    84  iic.o(i.IIC_Read_Byte)
    IIC_Send_Byte                            0x08003761   Thumb Code   100  iic.o(i.IIC_Send_Byte)
    IIC_Start                                0x080037c9   Thumb Code    60  iic.o(i.IIC_Start)
    IIC_Stop                                 0x08003809   Thumb Code    40  iic.o(i.IIC_Stop)
    IIC_Wait_Ack                             0x08003835   Thumb Code    68  iic.o(i.IIC_Wait_Ack)
    Incremental_PI_L                         0x0800387d   Thumb Code   184  pid.o(i.Incremental_PI_L)
    Incremental_PI_R                         0x0800395d   Thumb Code   184  pid.o(i.Incremental_PI_R)
    Key_Scan                                 0x08003a3d   Thumb Code    50  key.o(i.Key_Scan)
    MPU9250_Init                             0x08003a6f   Thumb Code   142  mpu9250.o(i.MPU9250_Init)
    MPU_Get_Accelerometer                    0x08003afd   Thumb Code    72  mpu9250.o(i.MPU_Get_Accelerometer)
    MPU_Get_Gyroscope                        0x08003b45   Thumb Code   198  mpu9250.o(i.MPU_Get_Gyroscope)
    MPU_Read_Byte                            0x08003c1d   Thumb Code    72  mpu9250.o(i.MPU_Read_Byte)
    MPU_Read_Len                             0x08003c65   Thumb Code   116  mpu9250.o(i.MPU_Read_Len)
    MPU_Set_Accel_Fsr                        0x08003cd9   Thumb Code    18  mpu9250.o(i.MPU_Set_Accel_Fsr)
    MPU_Set_Gyro_Fsr                         0x08003ceb   Thumb Code    18  mpu9250.o(i.MPU_Set_Gyro_Fsr)
    MPU_Set_LPF                              0x08003cfd   Thumb Code    60  mpu9250.o(i.MPU_Set_LPF)
    MPU_Set_Rate                             0x08003d39   Thumb Code    60  mpu9250.o(i.MPU_Set_Rate)
    MPU_Write_Byte                           0x08003d75   Thumb Code    76  mpu9250.o(i.MPU_Write_Byte)
    MX_ADC1_Init                             0x08003dc1   Thumb Code    82  adc.o(i.MX_ADC1_Init)
    MX_GPIO_Init                             0x08003e1d   Thumb Code   222  gpio.o(i.MX_GPIO_Init)
    MX_TIM1_Init                             0x08003f0d   Thumb Code   206  tim.o(i.MX_TIM1_Init)
    MX_TIM2_Init                             0x08003fe5   Thumb Code   164  tim.o(i.MX_TIM2_Init)
    MX_TIM3_Init                             0x0800408d   Thumb Code   120  tim.o(i.MX_TIM3_Init)
    MX_TIM4_Init                             0x0800410d   Thumb Code   120  tim.o(i.MX_TIM4_Init)
    MX_USART1_UART_Init                      0x0800418d   Thumb Code    46  usart.o(i.MX_USART1_UART_Init)
    MX_USART3_UART_Init                      0x080041c5   Thumb Code    46  usart.o(i.MX_USART3_UART_Init)
    MemManage_Handler                        0x080041fd   Thumb Code     4  stm32f1xx_it.o(i.MemManage_Handler)
    NMI_Handler                              0x08004201   Thumb Code     4  stm32f1xx_it.o(i.NMI_Handler)
    PendSV_Handler                           0x08004205   Thumb Code     2  stm32f1xx_it.o(i.PendSV_Handler)
    SVC_Handler                              0x08004231   Thumb Code     2  stm32f1xx_it.o(i.SVC_Handler)
    Set_Pwm                                  0x08004235   Thumb Code   120  motor.o(i.Set_Pwm)
    Steer_Ctrl                               0x080042b1   Thumb Code   152  motor.o(i.Steer_Ctrl)
    SysTick_Handler                          0x08004351   Thumb Code     8  stm32f1xx_it.o(i.SysTick_Handler)
    SystemClock_Config                       0x08004359   Thumb Code   132  main.o(i.SystemClock_Config)
    SystemInit                               0x080043dd   Thumb Code     2  system_stm32f1xx.o(i.SystemInit)
    TIM1_UP_IRQHandler                       0x080043e1   Thumb Code    10  stm32f1xx_it.o(i.TIM1_UP_IRQHandler)
    TIM_Base_SetConfig                       0x080043f1   Thumb Code   104  stm32f1xx_hal_tim.o(i.TIM_Base_SetConfig)
    TIM_CCxChannelCmd                        0x08004465   Thumb Code    34  stm32f1xx_hal_tim.o(i.TIM_CCxChannelCmd)
    TIM_ETR_SetConfig                        0x080044a9   Thumb Code    22  stm32f1xx_hal_tim.o(i.TIM_ETR_SetConfig)
    TIM_OC2_SetConfig                        0x08004531   Thumb Code   100  stm32f1xx_hal_tim.o(i.TIM_OC2_SetConfig)
    Turn_Off                                 0x08004699   Thumb Code    88  motor.o(i.Turn_Off)
    UART_Start_Receive_IT                    0x080049a1   Thumb Code    64  stm32f1xx_hal_uart.o(i.UART_Start_Receive_IT)
    USART1_IRQHandler                        0x08004a41   Thumb Code    10  stm32f1xx_it.o(i.USART1_IRQHandler)
    USART1_SEND                              0x08004a51   Thumb Code    26  usartx.o(i.USART1_SEND)
    UsageFault_Handler                       0x08004a71   Thumb Code     4  stm32f1xx_it.o(i.UsageFault_Handler)
    Vz_to_Akm_Angle                          0x08004a75   Thumb Code   178  usartx.o(i.Vz_to_Akm_Angle)
    XYZ_Target_Speed_transition              0x08004b35   Thumb Code    88  usartx.o(i.XYZ_Target_Speed_transition)
    __ARM_fpclassify                         0x08004b95   Thumb Code    40  fpclassify.o(i.__ARM_fpclassify)
    __ieee754_rem_pio2                       0x08004bf5   Thumb Code   828  rred.o(i.__ieee754_rem_pio2)
    __kernel_poly                            0x08004f7d   Thumb Code   170  poly.o(i.__kernel_poly)
    __kernel_tan                             0x08005029   Thumb Code   586  tan_i.o(i.__kernel_tan)
    __mathlib_dbl_infnan                     0x080052a5   Thumb Code     6  dunder.o(i.__mathlib_dbl_infnan)
    __mathlib_dbl_invalid                    0x080052ab   Thumb Code    12  dunder.o(i.__mathlib_dbl_invalid)
    __mathlib_dbl_underflow                  0x080052b9   Thumb Code    10  dunder.o(i.__mathlib_dbl_underflow)
    __scatterload_copy                       0x080052c9   Thumb Code    14  handlers.o(i.__scatterload_copy)
    __scatterload_null                       0x080052d7   Thumb Code     2  handlers.o(i.__scatterload_null)
    __scatterload_zeroinit                   0x080052d9   Thumb Code    14  handlers.o(i.__scatterload_zeroinit)
    __set_errno                              0x080052e9   Thumb Code     6  errno.o(i.__set_errno)
    atan                                     0x080052f5   Thumb Code   474  atan.o(i.atan)
    data_transition                          0x08005515   Thumb Code   382  usartx.o(i.data_transition)
    float_abs                                0x080056b9   Thumb Code    24  usartx.o(i.float_abs)
    getTIMx_DetaCnt                          0x080056d1   Thumb Code    12  encoder.o(i.getTIMx_DetaCnt)
    main                                     0x080056dd   Thumb Code   204  main.o(i.main)
    myabs                                    0x080057d5   Thumb Code    14  motor.o(i.myabs)
    tan                                      0x080057e5   Thumb Code    90  tan.o(i.tan)
    target_limit_float                       0x08005849   Thumb Code    40  motor.o(i.target_limit_float)
    target_limit_int                         0x08005871   Thumb Code    22  motor.o(i.target_limit_int)
    usart1_send                              0x08005889   Thumb Code    22  usartx.o(i.usart1_send)
    AHBPrescTable                            0x080058c8   Data          16  system_stm32f1xx.o(.constdata)
    APBPrescTable                            0x080058d8   Data           8  system_stm32f1xx.o(.constdata)
    Region$$Table$$Base                      0x08005aa0   Number         0  anon$$obj.o(Region$$Table)
    Region$$Table$$Limit                     0x08005ac0   Number         0  anon$$obj.o(Region$$Table)
    motorLeft                                0x20000000   Data           4  motor.o(.data)
    motorRight                               0x20000004   Data           4  motor.o(.data)
    leftSpeedNow                             0x20000008   Data           4  motor.o(.data)
    rightSpeedNow                            0x2000000c   Data           4  motor.o(.data)
    leftSpeedSet                             0x20000010   Data           4  motor.o(.data)
    rightSpeedSet                            0x20000014   Data           4  motor.o(.data)
    motorFrontSteer                          0x20000018   Data           4  motor.o(.data)
    frontAngleSet                            0x2000001c   Data           4  motor.o(.data)
    Deviation_Count                          0x20000020   Data           4  mpu9250.o(.data)
    gyro                                     0x20000024   Data           6  mpu9250.o(.data)
    accel                                    0x2000002a   Data           6  mpu9250.o(.data)
    magnet                                   0x20000030   Data           6  mpu9250.o(.data)
    Deviation_gyro                           0x20000036   Data           6  mpu9250.o(.data)
    Original_gyro                            0x2000003c   Data           6  mpu9250.o(.data)
    count                                    0x2000005c   Data           4  main.o(.data)
    anglepwm                                 0x20000060   Data           4  main.o(.data)
    Flag_Stop                                0x20000064   Data           4  main.o(.data)
    Usart_ON_Flag                            0x20000068   Data           1  main.o(.data)
    Move_X                                   0x2000006c   Data           4  main.o(.data)
    Move_Y                                   0x20000070   Data           4  main.o(.data)
    Move_Z                                   0x20000074   Data           4  main.o(.data)
    Voltage                                  0x20000078   Data           4  main.o(.data)
    rData                                    0x2000007c   Data           1  main.o(.data)
    ADC_Value                                0x2000007e   Data           2  main.o(.data)
    Velocity_KPL                             0x20000080   Data           4  main.o(.data)
    Velocity_KIL                             0x20000084   Data           4  main.o(.data)
    Velocity_KPR                             0x20000088   Data           4  main.o(.data)
    Velocity_KIR                             0x2000008c   Data           4  main.o(.data)
    Voltage_Count                            0x20000090   Data           4  adc.o(.data)
    Voltage_All                              0x20000094   Data           4  adc.o(.data)
    pulse                                    0x200000a4   Data           2  stm32f1xx_it.o(.data)
    uwTick                                   0x200000a8   Data           4  stm32f1xx_hal.o(.data)
    uwTickPrio                               0x200000ac   Data           4  stm32f1xx_hal.o(.data)
    uwTickFreq                               0x200000b0   Data           1  stm32f1xx_hal.o(.data)
    SystemCoreClock                          0x200000b4   Data           4  system_stm32f1xx.o(.data)
    Send_Data                                0x200000bc   Data          48  usartx.o(.bss)
    Receive_Data                             0x200000ec   Data          32  usartx.o(.bss)
    hadc1                                    0x2000010c   Data          48  adc.o(.bss)
    htim1                                    0x2000013c   Data          72  tim.o(.bss)
    htim2                                    0x20000184   Data          72  tim.o(.bss)
    htim3                                    0x200001cc   Data          72  tim.o(.bss)
    htim4                                    0x20000214   Data          72  tim.o(.bss)
    huart1                                   0x2000025c   Data          72  usart.o(.bss)
    huart3                                   0x200002a4   Data          72  usart.o(.bss)
    __initial_sp                             0x200006f8   Data           0  startup_stm32f103xb.o(STACK)



==============================================================================

Memory Map of the image

  Image Entry point : 0x080000ed

  Load Region LR_IROM1 (Base: 0x08000000, Size: 0x00005b7c, Max: 0x00010000, ABSOLUTE)

    Execution Region ER_IROM1 (Exec base: 0x08000000, Load base: 0x08000000, Size: 0x00005ac0, Max: 0x00010000, ABSOLUTE)

    Exec Addr    Load Addr    Size         Type   Attr      Idx    E Section Name        Object

    0x08000000   0x08000000   0x000000ec   Data   RO            3    RESET               startup_stm32f103xb.o
    0x080000ec   0x080000ec   0x00000000   Code   RO         3718  * .ARM.Collect$$$$00000000  mc_w.l(entry.o)
    0x080000ec   0x080000ec   0x00000004   Code   RO         3788    .ARM.Collect$$$$00000001  mc_w.l(entry2.o)
    0x080000f0   0x080000f0   0x00000004   Code   RO         3791    .ARM.Collect$$$$00000004  mc_w.l(entry5.o)
    0x080000f4   0x080000f4   0x00000000   Code   RO         3793    .ARM.Collect$$$$00000008  mc_w.l(entry7b.o)
    0x080000f4   0x080000f4   0x00000000   Code   RO         3795    .ARM.Collect$$$$0000000A  mc_w.l(entry8b.o)
    0x080000f4   0x080000f4   0x00000008   Code   RO         3796    .ARM.Collect$$$$0000000B  mc_w.l(entry9a.o)
    0x080000fc   0x080000fc   0x00000004   Code   RO         3803    .ARM.Collect$$$$0000000E  mc_w.l(entry12b.o)
    0x08000100   0x08000100   0x00000000   Code   RO         3798    .ARM.Collect$$$$0000000F  mc_w.l(entry10a.o)
    0x08000100   0x08000100   0x00000000   Code   RO         3800    .ARM.Collect$$$$00000011  mc_w.l(entry11a.o)
    0x08000100   0x08000100   0x00000004   Code   RO         3789    .ARM.Collect$$$$00002712  mc_w.l(entry2.o)
    0x08000104   0x08000104   0x00000024   Code   RO            4    .text               startup_stm32f103xb.o
    0x08000128   0x08000128   0x00000020   Code   RO         3721    .text               mc_w.l(llushr.o)
    0x08000148   0x08000148   0x00000024   Code   RO         3723    .text               mc_w.l(memseta.o)
    0x0800016c   0x0800016c   0x000000b0   Code   RO         3725    .text               mf_w.l(fadd.o)
    0x0800021c   0x0800021c   0x00000064   Code   RO         3727    .text               mf_w.l(fmul.o)
    0x08000280   0x08000280   0x0000007c   Code   RO         3729    .text               mf_w.l(fdiv.o)
    0x080002fc   0x080002fc   0x0000014e   Code   RO         3731    .text               mf_w.l(dadd.o)
    0x0800044a   0x0800044a   0x000000e4   Code   RO         3733    .text               mf_w.l(dmul.o)
    0x0800052e   0x0800052e   0x000000de   Code   RO         3735    .text               mf_w.l(ddiv.o)
    0x0800060c   0x0800060c   0x00000012   Code   RO         3737    .text               mf_w.l(fflti.o)
    0x0800061e   0x0800061e   0x00000022   Code   RO         3739    .text               mf_w.l(dflti.o)
    0x08000640   0x08000640   0x0000001a   Code   RO         3741    .text               mf_w.l(dfltui.o)
    0x0800065a   0x0800065a   0x00000032   Code   RO         3743    .text               mf_w.l(ffixi.o)
    0x0800068c   0x0800068c   0x0000003e   Code   RO         3745    .text               mf_w.l(dfixi.o)
    0x080006ca   0x080006ca   0x00000026   Code   RO         3747    .text               mf_w.l(f2d.o)
    0x080006f0   0x080006f0   0x00000030   Code   RO         3749    .text               mf_w.l(cdcmple.o)
    0x08000720   0x08000720   0x00000030   Code   RO         3751    .text               mf_w.l(cdrcmple.o)
    0x08000750   0x08000750   0x00000038   Code   RO         3753    .text               mf_w.l(d2f.o)
    0x08000788   0x08000788   0x00000014   Code   RO         3755    .text               mf_w.l(cfcmple.o)
    0x0800079c   0x0800079c   0x00000014   Code   RO         3757    .text               mf_w.l(cfrcmple.o)
    0x080007b0   0x080007b0   0x0000001e   Code   RO         3804    .text               mc_w.l(llshl.o)
    0x080007ce   0x080007ce   0x00000024   Code   RO         3806    .text               mc_w.l(llsshr.o)
    0x080007f2   0x080007f2   0x00000000   Code   RO         3815    .text               mc_w.l(iusefp.o)
    0x080007f2   0x080007f2   0x0000006e   Code   RO         3816    .text               mf_w.l(fepilogue.o)
    0x08000860   0x08000860   0x000000ba   Code   RO         3818    .text               mf_w.l(depilogue.o)
    0x0800091a   0x0800091a   0x0000002e   Code   RO         3820    .text               mf_w.l(dscalb.o)
    0x08000948   0x08000948   0x00000024   Code   RO         3822    .text               mc_w.l(init.o)
    0x0800096c   0x0800096c   0x0000005c   Code   RO         1025    i.ADC_ConversionStop_Disable  stm32f1xx_hal_adc.o
    0x080009c8   0x080009c8   0x00000090   Code   RO         1029    i.ADC_Enable        stm32f1xx_hal_adc.o
    0x08000a58   0x08000a58   0x00000004   Code   RO          849    i.BusFault_Handler  stm32f1xx_it.o
    0x08000a5c   0x08000a5c   0x0000003c   Code   RO          478    i.Check_Sum         usartx.o
    0x08000a98   0x08000a98   0x00000002   Code   RO          850    i.DebugMon_Handler  stm32f1xx_it.o
    0x08000a9a   0x08000a9a   0x00000002   PAD
    0x08000a9c   0x08000a9c   0x000001d4   Code   RO          139    i.Drive_Motor       motor.o
    0x08000c70   0x08000c70   0x0000000c   Code   RO          851    i.EXTI9_5_IRQHandler  stm32f1xx_it.o
    0x08000c7c   0x08000c7c   0x00000006   Code   RO          558    i.Error_Handler     main.o
    0x08000c82   0x08000c82   0x00000002   PAD
    0x08000c84   0x08000c84   0x00000030   Code   RO          640    i.Get_Adc           adc.o
    0x08000cb4   0x08000cb4   0x00000080   Code   RO          411    i.Get_Motor_Speed   encoder.o
    0x08000d34   0x08000d34   0x00000060   Code   RO          641    i.Get_battery_volt  adc.o
    0x08000d94   0x08000d94   0x0000006c   Code   RO          642    i.Get_battery_volt_average  adc.o
    0x08000e00   0x08000e00   0x0000011c   Code   RO         1205    i.HAL_ADCEx_Calibration_Start  stm32f1xx_hal_adc_ex.o
    0x08000f1c   0x08000f1c   0x00000160   Code   RO         1031    i.HAL_ADC_ConfigChannel  stm32f1xx_hal_adc.o
    0x0800107c   0x0800107c   0x00000006   Code   RO         1037    i.HAL_ADC_GetState  stm32f1xx_hal_adc.o
    0x08001082   0x08001082   0x00000008   Code   RO         1038    i.HAL_ADC_GetValue  stm32f1xx_hal_adc.o
    0x0800108a   0x0800108a   0x00000002   PAD
    0x0800108c   0x0800108c   0x00000144   Code   RO         1040    i.HAL_ADC_Init      stm32f1xx_hal_adc.o
    0x080011d0   0x080011d0   0x00000070   Code   RO          644    i.HAL_ADC_MspInit   adc.o
    0x08001240   0x08001240   0x00000180   Code   RO         1044    i.HAL_ADC_PollForConversion  stm32f1xx_hal_adc.o
    0x080013c0   0x080013c0   0x00000130   Code   RO         1046    i.HAL_ADC_Start     stm32f1xx_hal_adc.o
    0x080014f0   0x080014f0   0x00000056   Code   RO         1687    i.HAL_DMA_Abort     stm32f1xx_hal_dma.o
    0x08001546   0x08001546   0x00000002   PAD
    0x08001548   0x08001548   0x000000b0   Code   RO         1688    i.HAL_DMA_Abort_IT  stm32f1xx_hal_dma.o
    0x080015f8   0x080015f8   0x00000028   Code   RO         1308    i.HAL_Delay         stm32f1xx_hal.o
    0x08001620   0x08001620   0x00000108   Code   RO          852    i.HAL_GPIO_EXTI_Callback  stm32f1xx_it.o
    0x08001728   0x08001728   0x0000001c   Code   RO         1622    i.HAL_GPIO_EXTI_IRQHandler  stm32f1xx_hal_gpio.o
    0x08001744   0x08001744   0x00000320   Code   RO         1623    i.HAL_GPIO_Init     stm32f1xx_hal_gpio.o
    0x08001a64   0x08001a64   0x00000010   Code   RO         1625    i.HAL_GPIO_ReadPin  stm32f1xx_hal_gpio.o
    0x08001a74   0x08001a74   0x00000014   Code   RO         1626    i.HAL_GPIO_TogglePin  stm32f1xx_hal_gpio.o
    0x08001a88   0x08001a88   0x0000000c   Code   RO         1627    i.HAL_GPIO_WritePin  stm32f1xx_hal_gpio.o
    0x08001a94   0x08001a94   0x0000000c   Code   RO         1312    i.HAL_GetTick       stm32f1xx_hal.o
    0x08001aa0   0x08001aa0   0x00000018   Code   RO         1318    i.HAL_IncTick       stm32f1xx_hal.o
    0x08001ab8   0x08001ab8   0x00000028   Code   RO         1319    i.HAL_Init          stm32f1xx_hal.o
    0x08001ae0   0x08001ae0   0x0000004c   Code   RO         1320    i.HAL_InitTick      stm32f1xx_hal.o
    0x08001b2c   0x08001b2c   0x0000005c   Code   RO          965    i.HAL_MspInit       stm32f1xx_hal_msp.o
    0x08001b88   0x08001b88   0x00000020   Code   RO         1783    i.HAL_NVIC_EnableIRQ  stm32f1xx_hal_cortex.o
    0x08001ba8   0x08001ba8   0x0000007c   Code   RO         1789    i.HAL_NVIC_SetPriority  stm32f1xx_hal_cortex.o
    0x08001c24   0x08001c24   0x00000028   Code   RO         1790    i.HAL_NVIC_SetPriorityGrouping  stm32f1xx_hal_cortex.o
    0x08001c4c   0x08001c4c   0x000000fc   Code   RO         1584    i.HAL_RCCEx_GetPeriphCLKFreq  stm32f1xx_hal_rcc_ex.o
    0x08001d48   0x08001d48   0x00000130   Code   RO         1585    i.HAL_RCCEx_PeriphCLKConfig  stm32f1xx_hal_rcc_ex.o
    0x08001e78   0x08001e78   0x0000018c   Code   RO         1476    i.HAL_RCC_ClockConfig  stm32f1xx_hal_rcc.o
    0x08002004   0x08002004   0x0000000c   Code   RO         1481    i.HAL_RCC_GetHCLKFreq  stm32f1xx_hal_rcc.o
    0x08002010   0x08002010   0x00000020   Code   RO         1483    i.HAL_RCC_GetPCLK1Freq  stm32f1xx_hal_rcc.o
    0x08002030   0x08002030   0x00000020   Code   RO         1484    i.HAL_RCC_GetPCLK2Freq  stm32f1xx_hal_rcc.o
    0x08002050   0x08002050   0x00000070   Code   RO         1485    i.HAL_RCC_GetSysClockFreq  stm32f1xx_hal_rcc.o
    0x080020c0   0x080020c0   0x00000464   Code   RO         1488    i.HAL_RCC_OscConfig  stm32f1xx_hal_rcc.o
    0x08002524   0x08002524   0x00000034   Code   RO         1794    i.HAL_SYSTICK_Config  stm32f1xx_hal_cortex.o
    0x08002558   0x08002558   0x00000002   Code   RO         3026    i.HAL_TIMEx_BreakCallback  stm32f1xx_hal_tim_ex.o
    0x0800255a   0x0800255a   0x00000002   Code   RO         3027    i.HAL_TIMEx_CommutCallback  stm32f1xx_hal_tim_ex.o
    0x0800255c   0x0800255c   0x00000074   Code   RO         3029    i.HAL_TIMEx_ConfigBreakDeadTime  stm32f1xx_hal_tim_ex.o
    0x080025d0   0x080025d0   0x00000084   Code   RO         3045    i.HAL_TIMEx_MasterConfigSynchronization  stm32f1xx_hal_tim_ex.o
    0x08002654   0x08002654   0x000000c4   Code   RO         3056    i.HAL_TIMEx_PWMN_Start  stm32f1xx_hal_tim_ex.o
    0x08002718   0x08002718   0x00000066   Code   RO         2311    i.HAL_TIM_Base_Init  stm32f1xx_hal_tim.o
    0x0800277e   0x0800277e   0x00000002   PAD
    0x08002780   0x08002780   0x00000044   Code   RO          702    i.HAL_TIM_Base_MspInit  tim.o
    0x080027c4   0x080027c4   0x00000078   Code   RO         2316    i.HAL_TIM_Base_Start_IT  stm32f1xx_hal_tim.o
    0x0800283c   0x0800283c   0x0000010c   Code   RO         2320    i.HAL_TIM_ConfigClockSource  stm32f1xx_hal_tim.o
    0x08002948   0x08002948   0x000000c4   Code   RO         2332    i.HAL_TIM_Encoder_Init  stm32f1xx_hal_tim.o
    0x08002a0c   0x08002a0c   0x000000cc   Code   RO          704    i.HAL_TIM_Encoder_MspInit  tim.o
    0x08002ad8   0x08002ad8   0x000000cc   Code   RO         2335    i.HAL_TIM_Encoder_Start  stm32f1xx_hal_tim.o
    0x08002ba4   0x08002ba4   0x00000002   Code   RO         2345    i.HAL_TIM_IC_CaptureCallback  stm32f1xx_hal_tim.o
    0x08002ba6   0x08002ba6   0x00000196   Code   RO         2359    i.HAL_TIM_IRQHandler  stm32f1xx_hal_tim.o
    0x08002d3c   0x08002d3c   0x000000ac   Code   RO          705    i.HAL_TIM_MspPostInit  tim.o
    0x08002de8   0x08002de8   0x00000002   Code   RO         2362    i.HAL_TIM_OC_DelayElapsedCallback  stm32f1xx_hal_tim.o
    0x08002dea   0x08002dea   0x00000104   Code   RO         2383    i.HAL_TIM_PWM_ConfigChannel  stm32f1xx_hal_tim.o
    0x08002eee   0x08002eee   0x00000066   Code   RO         2386    i.HAL_TIM_PWM_Init  stm32f1xx_hal_tim.o
    0x08002f54   0x08002f54   0x0000002c   Code   RO          707    i.HAL_TIM_PWM_MspInit  tim.o
    0x08002f80   0x08002f80   0x00000002   Code   RO         2389    i.HAL_TIM_PWM_PulseFinishedCallback  stm32f1xx_hal_tim.o
    0x08002f82   0x08002f82   0x00000002   PAD
    0x08002f84   0x08002f84   0x000000d4   Code   RO         2391    i.HAL_TIM_PWM_Start  stm32f1xx_hal_tim.o
    0x08003058   0x08003058   0x00000040   Code   RO          853    i.HAL_TIM_PeriodElapsedCallback  stm32f1xx_it.o
    0x08003098   0x08003098   0x00000002   Code   RO         2402    i.HAL_TIM_TriggerCallback  stm32f1xx_hal_tim.o
    0x0800309a   0x0800309a   0x00000002   Code   RO         3305    i.HAL_UARTEx_RxEventCallback  stm32f1xx_hal_uart.o
    0x0800309c   0x0800309c   0x00000002   Code   RO         3319    i.HAL_UART_ErrorCallback  stm32f1xx_hal_uart.o
    0x0800309e   0x0800309e   0x00000002   PAD
    0x080030a0   0x080030a0   0x000002e4   Code   RO         3322    i.HAL_UART_IRQHandler  stm32f1xx_hal_uart.o
    0x08003384   0x08003384   0x00000076   Code   RO         3323    i.HAL_UART_Init     stm32f1xx_hal_uart.o
    0x080033fa   0x080033fa   0x00000002   PAD
    0x080033fc   0x080033fc   0x00000108   Code   RO          792    i.HAL_UART_MspInit  usart.o
    0x08003504   0x08003504   0x0000002c   Code   RO         3328    i.HAL_UART_Receive_IT  stm32f1xx_hal_uart.o
    0x08003530   0x08003530   0x00000104   Code   RO          854    i.HAL_UART_RxCpltCallback  stm32f1xx_it.o
    0x08003634   0x08003634   0x00000002   Code   RO         3334    i.HAL_UART_TxCpltCallback  stm32f1xx_hal_uart.o
    0x08003636   0x08003636   0x00000004   Code   RO          855    i.HardFault_Handler  stm32f1xx_it.o
    0x0800363a   0x0800363a   0x00000002   PAD
    0x0800363c   0x0800363c   0x00000040   Code   RO          331    i.IIC_Ack           iic.o
    0x0800367c   0x0800367c   0x0000000e   Code   RO          333    i.IIC_Delay         iic.o
    0x0800368a   0x0800368a   0x00000002   PAD
    0x0800368c   0x0800368c   0x00000048   Code   RO          334    i.IIC_GPIO_Init     iic.o
    0x080036d4   0x080036d4   0x00000034   Code   RO          335    i.IIC_NAck          iic.o
    0x08003708   0x08003708   0x00000058   Code   RO          336    i.IIC_Read_Byte     iic.o
    0x08003760   0x08003760   0x00000068   Code   RO          337    i.IIC_Send_Byte     iic.o
    0x080037c8   0x080037c8   0x00000040   Code   RO          338    i.IIC_Start         iic.o
    0x08003808   0x08003808   0x0000002c   Code   RO          339    i.IIC_Stop          iic.o
    0x08003834   0x08003834   0x00000048   Code   RO          340    i.IIC_Wait_Ack      iic.o
    0x0800387c   0x0800387c   0x000000e0   Code   RO          444    i.Incremental_PI_L  pid.o
    0x0800395c   0x0800395c   0x000000e0   Code   RO          445    i.Incremental_PI_R  pid.o
    0x08003a3c   0x08003a3c   0x00000032   Code   RO           13    i.Key_Scan          key.o
    0x08003a6e   0x08003a6e   0x0000008e   Code   RO          205    i.MPU9250_Init      mpu9250.o
    0x08003afc   0x08003afc   0x00000048   Code   RO          207    i.MPU_Get_Accelerometer  mpu9250.o
    0x08003b44   0x08003b44   0x000000d8   Code   RO          208    i.MPU_Get_Gyroscope  mpu9250.o
    0x08003c1c   0x08003c1c   0x00000048   Code   RO          212    i.MPU_Read_Byte     mpu9250.o
    0x08003c64   0x08003c64   0x00000074   Code   RO          213    i.MPU_Read_Len      mpu9250.o
    0x08003cd8   0x08003cd8   0x00000012   Code   RO          214    i.MPU_Set_Accel_Fsr  mpu9250.o
    0x08003cea   0x08003cea   0x00000012   Code   RO          215    i.MPU_Set_Gyro_Fsr  mpu9250.o
    0x08003cfc   0x08003cfc   0x0000003c   Code   RO          216    i.MPU_Set_LPF       mpu9250.o
    0x08003d38   0x08003d38   0x0000003c   Code   RO          217    i.MPU_Set_Rate      mpu9250.o
    0x08003d74   0x08003d74   0x0000004c   Code   RO          218    i.MPU_Write_Byte    mpu9250.o
    0x08003dc0   0x08003dc0   0x0000005c   Code   RO          645    i.MX_ADC1_Init      adc.o
    0x08003e1c   0x08003e1c   0x000000f0   Code   RO          616    i.MX_GPIO_Init      gpio.o
    0x08003f0c   0x08003f0c   0x000000d8   Code   RO          708    i.MX_TIM1_Init      tim.o
    0x08003fe4   0x08003fe4   0x000000a8   Code   RO          709    i.MX_TIM2_Init      tim.o
    0x0800408c   0x0800408c   0x00000080   Code   RO          710    i.MX_TIM3_Init      tim.o
    0x0800410c   0x0800410c   0x00000080   Code   RO          711    i.MX_TIM4_Init      tim.o
    0x0800418c   0x0800418c   0x00000038   Code   RO          793    i.MX_USART1_UART_Init  usart.o
    0x080041c4   0x080041c4   0x00000038   Code   RO          794    i.MX_USART3_UART_Init  usart.o
    0x080041fc   0x080041fc   0x00000004   Code   RO          856    i.MemManage_Handler  stm32f1xx_it.o
    0x08004200   0x08004200   0x00000004   Code   RO          857    i.NMI_Handler       stm32f1xx_it.o
    0x08004204   0x08004204   0x00000002   Code   RO          858    i.PendSV_Handler    stm32f1xx_it.o
    0x08004206   0x08004206   0x00000002   PAD
    0x08004208   0x08004208   0x00000028   Code   RO         1489    i.RCC_Delay         stm32f1xx_hal_rcc.o
    0x08004230   0x08004230   0x00000002   Code   RO          859    i.SVC_Handler       stm32f1xx_it.o
    0x08004232   0x08004232   0x00000002   PAD
    0x08004234   0x08004234   0x0000007c   Code   RO          140    i.Set_Pwm           motor.o
    0x080042b0   0x080042b0   0x000000a0   Code   RO          141    i.Steer_Ctrl        motor.o
    0x08004350   0x08004350   0x00000008   Code   RO          860    i.SysTick_Handler   stm32f1xx_it.o
    0x08004358   0x08004358   0x00000084   Code   RO          559    i.SystemClock_Config  main.o
    0x080043dc   0x080043dc   0x00000002   Code   RO         3667    i.SystemInit        system_stm32f1xx.o
    0x080043de   0x080043de   0x00000002   PAD
    0x080043e0   0x080043e0   0x00000010   Code   RO          861    i.TIM1_UP_IRQHandler  stm32f1xx_it.o
    0x080043f0   0x080043f0   0x00000074   Code   RO         2404    i.TIM_Base_SetConfig  stm32f1xx_hal_tim.o
    0x08004464   0x08004464   0x00000022   Code   RO         2405    i.TIM_CCxChannelCmd  stm32f1xx_hal_tim.o
    0x08004486   0x08004486   0x00000022   Code   RO         3065    i.TIM_CCxNChannelCmd  stm32f1xx_hal_tim_ex.o
    0x080044a8   0x080044a8   0x00000016   Code   RO         2415    i.TIM_ETR_SetConfig  stm32f1xx_hal_tim.o
    0x080044be   0x080044be   0x00000012   Code   RO         2416    i.TIM_ITRx_SetConfig  stm32f1xx_hal_tim.o
    0x080044d0   0x080044d0   0x00000060   Code   RO         2417    i.TIM_OC1_SetConfig  stm32f1xx_hal_tim.o
    0x08004530   0x08004530   0x00000068   Code   RO         2418    i.TIM_OC2_SetConfig  stm32f1xx_hal_tim.o
    0x08004598   0x08004598   0x00000068   Code   RO         2419    i.TIM_OC3_SetConfig  stm32f1xx_hal_tim.o
    0x08004600   0x08004600   0x00000048   Code   RO         2420    i.TIM_OC4_SetConfig  stm32f1xx_hal_tim.o
    0x08004648   0x08004648   0x00000026   Code   RO         2422    i.TIM_TI1_ConfigInputStage  stm32f1xx_hal_tim.o
    0x0800466e   0x0800466e   0x00000028   Code   RO         2424    i.TIM_TI2_ConfigInputStage  stm32f1xx_hal_tim.o
    0x08004696   0x08004696   0x00000002   PAD
    0x08004698   0x08004698   0x00000070   Code   RO          142    i.Turn_Off          motor.o
    0x08004708   0x08004708   0x00000014   Code   RO         3336    i.UART_DMAAbortOnError  stm32f1xx_hal_uart.o
    0x0800471c   0x0800471c   0x0000006c   Code   RO         3346    i.UART_EndRxTransfer  stm32f1xx_hal_uart.o
    0x08004788   0x08004788   0x00000020   Code   RO         3347    i.UART_EndTransmit_IT  stm32f1xx_hal_uart.o
    0x080047a8   0x080047a8   0x000000fc   Code   RO         3349    i.UART_Receive_IT   stm32f1xx_hal_uart.o
    0x080048a4   0x080048a4   0x000000fc   Code   RO         3350    i.UART_SetConfig    stm32f1xx_hal_uart.o
    0x080049a0   0x080049a0   0x00000040   Code   RO         3352    i.UART_Start_Receive_IT  stm32f1xx_hal_uart.o
    0x080049e0   0x080049e0   0x00000060   Code   RO         3353    i.UART_Transmit_IT  stm32f1xx_hal_uart.o
    0x08004a40   0x08004a40   0x00000010   Code   RO          862    i.USART1_IRQHandler  stm32f1xx_it.o
    0x08004a50   0x08004a50   0x00000020   Code   RO          479    i.USART1_SEND       usartx.o
    0x08004a70   0x08004a70   0x00000004   Code   RO          863    i.UsageFault_Handler  stm32f1xx_it.o
    0x08004a74   0x08004a74   0x000000c0   Code   RO          480    i.Vz_to_Akm_Angle   usartx.o
    0x08004b34   0x08004b34   0x00000060   Code   RO          481    i.XYZ_Target_Speed_transition  usartx.o
    0x08004b94   0x08004b94   0x00000028   Code   RO         3773    i.__ARM_fpclassify  m_ws.l(fpclassify.o)
    0x08004bbc   0x08004bbc   0x00000010   Code   RO         1796    i.__NVIC_GetPriorityGrouping  stm32f1xx_hal_cortex.o
    0x08004bcc   0x08004bcc   0x00000028   Code   RO         1797    i.__NVIC_SetPriority  stm32f1xx_hal_cortex.o
    0x08004bf4   0x08004bf4   0x00000388   Code   RO         3777    i.__ieee754_rem_pio2  m_ws.l(rred.o)
    0x08004f7c   0x08004f7c   0x000000aa   Code   RO         3775    i.__kernel_poly     m_ws.l(poly.o)
    0x08005026   0x08005026   0x00000002   PAD
    0x08005028   0x08005028   0x0000027c   Code   RO         3782    i.__kernel_tan      m_ws.l(tan_i.o)
    0x080052a4   0x080052a4   0x00000006   Code   RO         3760    i.__mathlib_dbl_infnan  m_ws.l(dunder.o)
    0x080052aa   0x080052aa   0x0000000c   Code   RO         3762    i.__mathlib_dbl_invalid  m_ws.l(dunder.o)
    0x080052b6   0x080052b6   0x00000002   PAD
    0x080052b8   0x080052b8   0x00000010   Code   RO         3765    i.__mathlib_dbl_underflow  m_ws.l(dunder.o)
    0x080052c8   0x080052c8   0x0000000e   Code   RO         3826    i.__scatterload_copy  mc_w.l(handlers.o)
    0x080052d6   0x080052d6   0x00000002   Code   RO         3827    i.__scatterload_null  mc_w.l(handlers.o)
    0x080052d8   0x080052d8   0x0000000e   Code   RO         3828    i.__scatterload_zeroinit  mc_w.l(handlers.o)
    0x080052e6   0x080052e6   0x00000002   PAD
    0x080052e8   0x080052e8   0x0000000c   Code   RO         3810    i.__set_errno       mc_w.l(errno.o)
    0x080052f4   0x080052f4   0x00000220   Code   RO         3701    i.atan              m_ws.l(atan.o)
    0x08005514   0x08005514   0x000001a4   Code   RO          482    i.data_transition   usartx.o
    0x080056b8   0x080056b8   0x00000018   Code   RO          483    i.float_abs         usartx.o
    0x080056d0   0x080056d0   0x0000000c   Code   RO          412    i.getTIMx_DetaCnt   encoder.o
    0x080056dc   0x080056dc   0x000000f8   Code   RO          560    i.main              main.o
    0x080057d4   0x080057d4   0x0000000e   Code   RO          143    i.myabs             motor.o
    0x080057e2   0x080057e2   0x00000002   PAD
    0x080057e4   0x080057e4   0x00000064   Code   RO         3711    i.tan               m_ws.l(tan.o)
    0x08005848   0x08005848   0x00000028   Code   RO          144    i.target_limit_float  motor.o
    0x08005870   0x08005870   0x00000016   Code   RO          145    i.target_limit_int  motor.o
    0x08005886   0x08005886   0x00000002   PAD
    0x08005888   0x08005888   0x0000001c   Code   RO          484    i.usart1_send       usartx.o
    0x080058a4   0x080058a4   0x00000012   Data   RO         1490    .constdata          stm32f1xx_hal_rcc.o
    0x080058b6   0x080058b6   0x00000012   Data   RO         1586    .constdata          stm32f1xx_hal_rcc_ex.o
    0x080058c8   0x080058c8   0x00000018   Data   RO         3668    .constdata          system_stm32f1xx.o
    0x080058e0   0x080058e0   0x00000098   Data   RO         3702    .constdata          m_ws.l(atan.o)
    0x08005978   0x08005978   0x000000c8   Data   RO         3779    .constdata          m_ws.l(rred.o)
    0x08005a40   0x08005a40   0x00000060   Data   RO         3783    .constdata          m_ws.l(tan_i.o)
    0x08005aa0   0x08005aa0   0x00000020   Data   RO         3824    Region$$Table       anon$$obj.o


    Execution Region RW_IRAM1 (Exec base: 0x20000000, Load base: 0x08005ac0, Size: 0x000006f8, Max: 0x00005000, ABSOLUTE)

    Exec Addr    Load Addr    Size         Type   Attr      Idx    E Section Name        Object

    0x20000000   0x08005ac0   0x00000020   Data   RW          146    .data               motor.o
    0x20000020   0x08005ae0   0x00000022   Data   RW          220    .data               mpu9250.o
    0x20000042   0x08005b02   0x00000002   PAD
    0x20000044   0x08005b04   0x00000018   Data   RW          446    .data               pid.o
    0x2000005c   0x08005b1c   0x00000034   Data   RW          562    .data               main.o
    0x20000090   0x08005b50   0x00000014   Data   RW          647    .data               adc.o
    0x200000a4   0x08005b64   0x00000003   Data   RW          865    .data               stm32f1xx_it.o
    0x200000a7   0x08005b67   0x00000001   PAD
    0x200000a8   0x08005b68   0x00000009   Data   RW         1326    .data               stm32f1xx_hal.o
    0x200000b1   0x08005b71   0x00000003   PAD
    0x200000b4   0x08005b74   0x00000004   Data   RW         3669    .data               system_stm32f1xx.o
    0x200000b8   0x08005b78   0x00000004   Data   RW         3811    .data               mc_w.l(errno.o)
    0x200000bc        -       0x00000050   Zero   RW          486    .bss                usartx.o
    0x2000010c        -       0x00000030   Zero   RW          646    .bss                adc.o
    0x2000013c        -       0x00000120   Zero   RW          712    .bss                tim.o
    0x2000025c        -       0x00000090   Zero   RW          796    .bss                usart.o
    0x200002ec        -       0x0000000b   Zero   RW          864    .bss                stm32f1xx_it.o
    0x200002f7   0x08005b7c   0x00000001   PAD
    0x200002f8        -       0x00000400   Zero   RW            1    STACK               startup_stm32f103xb.o


==============================================================================

Image component sizes


      Code (inc. data)   RO Data    RW Data    ZI Data      Debug   Object Name

       456         64          0         20         48       3391   adc.o
       140         24          0          0          0       1376   encoder.o
       240         18          0          0          0        943   gpio.o
       574         38          0          0          0       5063   iic.o
        50          0          0          0          0     447495   key.o
       386         44          0         52          0       3374   main.o
       940         96          0         32          0       4723   motor.o
       850         18          0         34          0       6868   mpu9250.o
       448         80          0         24          0       1338   pid.o
        36          8        236          0       1024        788   startup_stm32f103xb.o
       192         36          0          9          0       5757   stm32f1xx_hal.o
      1614         62          0          0          0       6799   stm32f1xx_hal_adc.o
       284          6          0          0          0       1426   stm32f1xx_hal_adc_ex.o
       304         22          0          0          0      29295   stm32f1xx_hal_cortex.o
       262          4          0          0          0       1707   stm32f1xx_hal_dma.o
       876         38          0          0          0       4431   stm32f1xx_hal_gpio.o
        92         10          0          0          0        866   stm32f1xx_hal_msp.o
      1748         98         18          0          0       5836   stm32f1xx_hal_rcc.o
       556         34         18          0          0       2321   stm32f1xx_hal_rcc_ex.o
      2522         60          0          0          0      16669   stm32f1xx_hal_tim.o
       482         28          0          0          0       4556   stm32f1xx_hal_tim_ex.o
      1732          8          0          0          0       9808   stm32f1xx_hal_uart.o
       666        140          0          3         11       7942   stm32f1xx_it.o
         2          0         24          4          0       1071   system_stm32f1xx.o
      1128         88          0          0        288       5599   tim.o
       376         42          0          0        144       2271   usart.o
       852         80          0          0         80       5191   usartx.o

    ----------------------------------------------------------------------
     17840       1146        328        184       1596     586904   Object Totals
         0          0         32          0          0          0   (incl. Generated)
        32          0          0          6          1          0   (incl. Padding)

    ----------------------------------------------------------------------

      Code (inc. data)   RO Data    RW Data    ZI Data      Debug   Library Member Name

       544         70        152          0          0        124   atan.o
        34          6          0          0          0        204   dunder.o
        40          0          0          0          0         68   fpclassify.o
       170          0          0          0          0         96   poly.o
       904         76        200          0          0        140   rred.o
       100         10          0          0          0         96   tan.o
       636         50         96          0          0        168   tan_i.o
         0          0          0          0          0          0   entry.o
         0          0          0          0          0          0   entry10a.o
         0          0          0          0          0          0   entry11a.o
         4          0          0          0          0          0   entry12b.o
         8          4          0          0          0          0   entry2.o
         4          0          0          0          0          0   entry5.o
         0          0          0          0          0          0   entry7b.o
         0          0          0          0          0          0   entry8b.o
         8          4          0          0          0          0   entry9a.o
        12          6          0          4          0         68   errno.o
        30          0          0          0          0          0   handlers.o
        36          8          0          0          0         68   init.o
         0          0          0          0          0          0   iusefp.o
        30          0          0          0          0         68   llshl.o
        36          0          0          0          0         68   llsshr.o
        32          0          0          0          0         68   llushr.o
        36          0          0          0          0        108   memseta.o
        48          0          0          0          0         68   cdcmple.o
        48          0          0          0          0         68   cdrcmple.o
        20          0          0          0          0         68   cfcmple.o
        20          0          0          0          0         68   cfrcmple.o
        56          0          0          0          0         88   d2f.o
       334          0          0          0          0        148   dadd.o
       222          0          0          0          0        100   ddiv.o
       186          0          0          0          0        176   depilogue.o
        62          0          0          0          0         80   dfixi.o
        34          0          0          0          0         76   dflti.o
        26          0          0          0          0         76   dfltui.o
       228          0          0          0          0         96   dmul.o
        46          0          0          0          0         80   dscalb.o
        38          0          0          0          0         68   f2d.o
       176          0          0          0          0        140   fadd.o
       124          0          0          0          0         88   fdiv.o
       110          0          0          0          0        168   fepilogue.o
        50          0          0          0          0         68   ffixi.o
        18          0          0          0          0         68   fflti.o
       100          0          0          0          0         76   fmul.o

    ----------------------------------------------------------------------
      4616        234        448          4          0       3212   Library Totals
         6          0          0          0          0          0   (incl. Padding)

    ----------------------------------------------------------------------

      Code (inc. data)   RO Data    RW Data    ZI Data      Debug   Library Name

      2428        212        448          0          0        896   m_ws.l
       236         22          0          4          0        448   mc_w.l
      1946          0          0          0          0       1868   mf_w.l

    ----------------------------------------------------------------------
      4616        234        448          4          0       3212   Library Totals

    ----------------------------------------------------------------------

==============================================================================


      Code (inc. data)   RO Data    RW Data    ZI Data      Debug   

     22456       1380        776        188       1596     580856   Grand Totals
     22456       1380        776        188       1596     580856   ELF Image Totals
     22456       1380        776        188          0          0   ROM Totals

==============================================================================

    Total RO  Size (Code + RO Data)                23232 (  22.69kB)
    Total RW  Size (RW Data + ZI Data)              1784 (   1.74kB)
    Total ROM Size (Code + RO Data + RW Data)      23420 (  22.87kB)

==============================================================================

